--------- beginning of /dev/log/main
I/BATT_PYD(  141): Pyramid_calculate_level: first calculation: batt_alg->dis_percent=68, batt_alg->percent_update=68
I/BATT_ALG(  141): batt_alg_set_charging: set charging: 1
I/rmt_storage(  143): rmt_storage user app start.. taking cmd line parameters
I/rmt_storage(  143): modem_fs1 [/dev/block/mmcblk0p25]
I/rmt_storage(  143): modem_fs2 [/dev/block/mmcblk0p26]
I/rmt_storage(  143): radio_config [/dev/block/mmcblk0p18]
I/rmt_storage(  143): rmt_storage open success
--------- beginning of /dev/log/system
I/Vold    (  125): Vold 2.1 (the revenge) firing up
I/Netd    (  126): Netd 1.0 starting
D/Vold    (  125): Volume sdcard state changing -1 (Initializing) -> 0 (No-Media)
D/VoldDirectVolume(  125): device name = mmcblk1
D/Vold    (  125): Volume sdcard state changing 0 (No-Media) -> 2 (Pending)
D/Vold    (  125): Volume sdcard state changing 2 (Pending) -> 1 (Idle-Unmounted)
I/DEBUG   (  127): debuggerd: May 18 2011 02:42:31
I//system/bin/iptables(  126): getsockopt for multiport failed strangely: No such file or directory
I//system/bin/iptables(  126): getsockopt for multiport failed strangely: No such file or directory
I//system/bin/iptables(  126): getsockopt for multiport failed strangely: No such file or directory
I//system/bin/iptables(  126): getsockopt for multiport failed strangely: No such file or directory
I//system/bin/iptables(  126): Flushing chain `INPUT'
I//system/bin/iptables(  126): getsockopt for multiport failed strangely: No such file or directory
I//system/bin/iptables(  126): getsockopt for multiport failed strangely: No such file or directory
I//system/bin/iptables(  126): getsockopt for multiport failed strangely: No such file or directory
I//system/bin/iptables(  126): getsockopt for multiport failed strangely: No such file or directory
I//system/bin/iptables(  126): Flushing chain `OUTPUT'
I//system/bin/iptables(  126): getsockopt for multiport failed strangely: No such file or directory
I//system/bin/iptables(  126): getsockopt for multiport failed strangely: No such file or directory
I//system/bin/iptables(  126): getsockopt for multiport failed strangely: No such file or directory
I//system/bin/iptables(  126): getsockopt for multiport failed strangely: No such file or directory
I//system/bin/iptables(  126): Flushing chain `FORWARD'
I//system/bin/iptables(  126): getsockopt for multiport failed strangely: No such file or directory
I//system/bin/iptables(  126): getsockopt for multiport failed strangely: No such file or directory
I//system/bin/iptables(  126): Flushing chain `PREROUTING'
I//system/bin/iptables(  126): Flushing chain `OUTPUT'
I//system/bin/iptables(  126): Flushing chain `POSTROUTING'
W/HtcEbdLog(  144): =====Kernel Key Words=====
W/HtcEbdLog(  144): =====Kernel Key Words=====
W/HtcEbdLog(  206): /system/bin/logcat2 
W/HtcEbdLog(  206): -v 
W/HtcEbdLog(  206): time 
W/HtcEbdLog(  206): -f 
W/HtcEbdLog(  206): /devlog/system_log 
W/HtcEbdLog(  206): -F 
W/HtcEbdLog(  206): /system/bin 
W/HtcEbdLog(  206): -r 
W/HtcEbdLog(  206): 1024 
W/HtcEbdLog(  206): -n 
W/HtcEbdLog(  206): 55 
W/HtcEbdLog(  206): *:w 
W/HtcEbdLog(  206): 
W/LogCat2 (  206): =====System Key Words=====
W/LogCat2 (  206): SysLV=4, KWNum=1
W/LogCat2 (  206): KW=[embedded]
W/LogCat2 (  206): SysLV=5, KWNum=1
W/LogCat2 (  206): KW=[embedded]
W/LogCat2 (  206): =====System Key Words=====
W/LogCat2 (  206): [SLog_Size,Rotate_Bundary,Sys_Level] = [1024,2097152,3]
W/Vold    (  125): Ignoring unknown switch 'usb_mass_storage'
W/HtcEbdLog(  144): Version = V2.5
W/HtcEbdLog(  144): [KLog_Size,Rotate_Bundary,Ker_Level] = [1024,2097152,6]
W/HtcEbdLog(  144): [htc_ebdlog_kmsg_main] g_outByteCount = 1124807
W/HtcEbdLog(  144): [write_kernel_log] Need Rotate Log! g_outByteCount = 1124822
D/HDMIDaemon(  140): readyToRun: success
D/AndroidRuntime(  129): 
D/AndroidRuntime(  129): >>>>>> AndroidRuntime START com.android.internal.os.ZygoteInit <<<<<<
D/AndroidRuntime(  129): CheckJNI is OFF
W/HtcEbdLog(  144): msg format not match: dog.enable=1 console=ttyHSL0 androidboot.hardware=pyramid no_console_suspend=1
W/Vold    (  125): Ignoring unknown switch 'usb_mass_storage'
D/dalvikvm(  129): creating instr width table
I/htcfs-main(  131): main()
I/htcfs-main(  131): ############# HTC FS - START ##################
I/dalvikvm(  129): mlock: /system/framework/core.odex, fd=14
I/dalvikvm(  129): mlock(1113939968, 4845928), fd=14
I/dalvikvm(  129): mlock: /system/framework/com.htc.framework.odex, fd=24
I/dalvikvm(  129): mlock(1137266688, 5854080), fd=24
I/        (  130): mediaserver main in
I/        (  130): after defaultServiceManager
I/        (  130): ServiceManager: 0xae28
D/HTC Acoustic(  130): int android::support_audience(), support_a1026: 0
D/HTC Acoustic(  130): int android::support_amr_wb(), support_amr_wb: 0
D/AudioHardwareMSM8660(  130): msm_mixer_open: Opening the device
D/AudioHardwareMSM8660(  130): msm_mixer_count:mixer_cnt =40
I/HTC Acoustic(  130): libhtc_acoustic.so(8x60 platform) version 1.0.0.5
D/HTC Acoustic(  130): int android::support_audience(), support_a1026: 0
I/HTC Acoustic(  130): Open /system/etc/AdieHWCodec.csv success.
D/HTC Acoustic(  130): PYRAMID_HTC_2010813
D/HTC Acoustic(  130): [1] dev_name = handset_rx_midi_48000
I/HTC Acoustic(  130): parse freq 48000
I/HTC Acoustic(  130): act_size=26, freq=48000
D/HTC Acoustic(  130): ioctl ACOUSTIC_UPDATE_ADIE success
D/HTC Acoustic(  130): [2] dev_name = handset_rx_voice_48000
I/HTC Acoustic(  130): parse freq 48000
I/HTC Acoustic(  130): act_size=26, freq=48000
D/HTC Acoustic(  130): ioctl ACOUSTIC_UPDATE_ADIE success
D/HTC Acoustic(  130): [3] dev_name = handset_tx_midi_8000
I/HTC Acoustic(  130): parse freq 8000
I/HTC Acoustic(  130): act_size=25, freq=8000
D/HTC Acoustic(  130): ioctl ACOUSTIC_UPDATE_ADIE success
D/HTC Acoustic(  130): [4] dev_name = handset_tx_voice_8000
I/HTC Acoustic(  130): parse freq 8000
I/HTC Acoustic(  130): act_size=25, freq=8000
D/HTC Acoustic(  130): ioctl ACOUSTIC_UPDATE_ADIE success
D/HTC Acoustic(  130): [5] dev_name = handset_tx_voice_16000
I/HTC Acoustic(  130): parse freq 16000
I/HTC Acoustic(  130): act_size=25, freq=16000
D/HTC Acoustic(  130): ioctl ACOUSTIC_UPDATE_ADIE success
D/HTC Acoustic(  130): [6] dev_name = handset_tx_midi_48000
I/HTC Acoustic(  130): parse freq 48000
I/HTC Acoustic(  130): act_size=25, freq=48000
D/HTC Acoustic(  130): ioctl ACOUSTIC_UPDATE_ADIE success
D/HTC Acoustic(  130): [7] dev_name = handset_tx_voice_48000
I/HTC Acoustic(  130): parse freq 48000
I/HTC Acoustic(  130): act_size=25, freq=48000
D/HTC Acoustic(  130): ioctl ACOUSTIC_UPDATE_ADIE success
D/HTC Acoustic(  130): [8] dev_name = headset_stereo_rx_midi_48000
I/HTC Acoustic(  130): parse freq 48000
I/HTC Acoustic(  130): act_size=28, freq=48000
D/HTC Acoustic(  130): ioctl ACOUSTIC_UPDATE_ADIE success
D/HTC Acoustic(  130): [9] dev_name = headset_stereo_rx_voice_48000
I/HTC Acoustic(  130): parse freq 48000
I/HTC Acoustic(  130): act_size=28, freq=48000
D/HTC Acoustic(  130): ioctl ACOUSTIC_UPDATE_ADIE success
D/HTC Acoustic(  130): [10] dev_name = headset_mono_tx_midi_8000
I/HTC Acoustic(  130): parse freq 8000
I/HTC Acoustic(  130): act_size=25, freq=8000
D/HTC Acoustic(  130): ioctl ACOUSTIC_UPDATE_ADIE success
D/HTC Acoustic(  130): [11] dev_name = headset_mono_tx_voice_8000
I/HTC Acoustic(  130): parse freq 8000
I/HTC Acoustic(  130): act_size=25, freq=8000
D/HTC Acoustic(  130): ioctl ACOUSTIC_UPDATE_ADIE success
D/HTC Acoustic(  130): [12] dev_name = headset_mono_tx_voice_16000
I/HTC Acoustic(  130): parse freq 16000
I/HTC Acoustic(  130): act_size=25, freq=16000
D/HTC Acoustic(  130): ioctl ACOUSTIC_UPDATE_ADIE success
D/HTC Acoustic(  130): [13] dev_name = headset_mono_tx_midi_48000
I/HTC Acoustic(  130): parse freq 48000
I/HTC Acoustic(  130): act_size=25, freq=48000
D/HTC Acoustic(  130): ioctl ACOUSTIC_UPDATE_ADIE success
D/HTC Acoustic(  130): [14] dev_name = headset_mono_tx_voice_48000
I/HTC Acoustic(  130): parse freq 48000
I/HTC Acoustic(  130): act_size=25, freq=48000
D/HTC Acoustic(  130): ioctl ACOUSTIC_UPDATE_ADIE success
D/HTC Acoustic(  130): [15] dev_name = speaker_mono_rx_midi_48000
I/HTC Acoustic(  130): parse freq 48000
I/HTC Acoustic(  130): act_size=25, freq=48000
D/HTC Acoustic(  130): ioctl ACOUSTIC_UPDATE_ADIE success
D/HTC Acoustic(  130): [16] dev_name = speaker_mono_rx_voice_48000
I/HTC Acoustic(  130): parse freq 48000
I/HTC Acoustic(  130): act_size=25, freq=48000
D/HTC Acoustic(  130): ioctl ACOUSTIC_UPDATE_ADIE success
D/HTC Acoustic(  130): [17] dev_name = speaker_mono_tx_midi_8000
I/HTC Acoustic(  130): parse freq 8000
I/HTC Acoustic(  130): act_size=25, freq=8000
D/HTC Acoustic(  130): ioctl ACOUSTIC_UPDATE_ADIE success
D/HTC Acoustic(  130): [18] dev_name = speaker_mono_tx_voice_8000
I/HTC Acoustic(  130): parse freq 8000
I/HTC Acoustic(  130): act_size=25, freq=8000
D/HTC Acoustic(  130): ioctl ACOUSTIC_UPDATE_ADIE success
D/HTC Acoustic(  130): [19] dev_name = speaker_mono_tx_voice_16000
I/HTC Acoustic(  130): parse freq 16000
I/HTC Acoustic(  130): act_size=25, freq=16000
D/HTC Acoustic(  130): ioctl ACOUSTIC_UPDATE_ADIE success
D/HTC Acoustic(  130): [20] dev_name = speaker_mono_tx_midi_48000
I/HTC Acoustic(  130): parse freq 48000
I/HTC Acoustic(  130): act_size=25, freq=48000
D/HTC Acoustic(  130): ioctl ACOUSTIC_UPDATE_ADIE success
D/HTC Acoustic(  130): [21] dev_name = speaker_mono_tx_voice_48000
I/HTC Acoustic(  130): parse freq 48000
I/HTC Acoustic(  130): act_size=25, freq=48000
D/HTC Acoustic(  130): ioctl ACOUSTIC_UPDATE_ADIE success
D/HTC Acoustic(  130): [22] dev_name = tty_headset_mono_rx_voice_8000
I/HTC Acoustic(  130): parse freq 8000
I/HTC Acoustic(  130): act_size=28, freq=8000
D/HTC Acoustic(  130): ioctl ACOUSTIC_UPDATE_ADIE success
D/HTC Acoustic(  130): [23] dev_name = tty_headset_mono_rx_voice_48000
I/HTC Acoustic(  130): parse freq 48000
I/HTC Acoustic(  130): act_size=28, freq=48000
D/HTC Acoustic(  130): ioctl ACOUSTIC_UPDATE_ADIE success
D/HTC Acoustic(  130): [24] dev_name = tty_headset_mono_tx_voice_8000
I/HTC Acoustic(  130): parse freq 8000
I/HTC Acoustic(  130): act_size=24, freq=8000
D/HTC Acoustic(  130): ioctl ACOUSTIC_UPDATE_ADIE success
D/HTC Acoustic(  130): [25] dev_name = tty_headset_mono_tx_voice_16000
I/HTC Acoustic(  130): parse freq 16000
I/HTC Acoustic(  130): act_size=24, freq=16000
D/HTC Acoustic(  130): ioctl ACOUSTIC_UPDATE_ADIE success
D/HTC Acoustic(  130): [26] dev_name = fmradio_headset_rx
I/HTC Acoustic(  130): act_size=18, freq=0
D/HTC Acoustic(  130): ioctl ACOUSTIC_UPDATE_ADIE success
D/HTC Acoustic(  130): [27] dev_name = fmradio_speaker_rx
I/HTC Acoustic(  130): act_size=18, freq=0
D/HTC Acoustic(  130): ioctl ACOUSTIC_UPDATE_ADIE success
D/HTC Acoustic(  130): [28] dev_name = headset_speaker_stereo_rx
I/HTC Acoustic(  130): parse freq 48000
I/HTC Acoustic(  130): act_size=33, freq=48000
D/HTC Acoustic(  130): ioctl ACOUSTIC_UPDATE_ADIE success
D/HTC Acoustic(  130): [29] dev_name = fmtx_headset
I/HTC Acoustic(  130): parse freq 48000
I/HTC Acoustic(  130): act_size=28, freq=48000
D/HTC Acoustic(  130): ioctl ACOUSTIC_UPDATE_ADIE success
I/HTC Acoustic(  130): Success on updating adie setting
I/HTC Acoustic(  130): open /system/etc/AudioBTID.csv success.
I/HTC Acoustic(  130): BT ID table version: PYD_HTC_20110316
D/AudioHardwareMSM8660(  130): mNumBTEndpoints = 15
D/AudioHardwareMSM8660(  130): BT name Default (tx,rx)=(1001,1101)
D/AudioHardwareMSM8660(  130): BT name Default Car-kit (tx,rx)=(1201,1301)
D/AudioHardwareMSM8660(  130): BT name JKDAP3264 (tx,rx)=(1002,1102)
D/AudioHardwareMSM8660(  130): BT name JKDAP3265 (tx,rx)=(1003,1103)
D/AudioHardwareMSM8660(  130): BT name BH M300 (tx,rx)=(1004,1104)
D/AudioHardwareMSM8660(  130): BT name BHM400 (tx,rx)=(1005,1105)
D/AudioHardwareMSM8660(  130): BT name MW600 (tx,rx)=(1006,1106)
D/AudioHardwareMSM8660(  130): BT name Motorola H17 (tx,rx)=(1007,1107)
D/AudioHardwareMSM8660(  130): BT name HM1000 (tx,rx)=(1008,1108)
D/AudioHardwareMSM8660(  130): BT name PLT_M1100 (tx,rx)=(1009,1109)
D/AudioHardwareMSM8660(  130): BT name Jabra EXTREME (tx,rx)=(1010,1110)
D/AudioHardwareMSM8660(  130): BT name 9xxBackBeat (tx,rx)=(1011,1111)
D/AudioHardwareMSM8660(  130): BT name Nokia BH-505 (tx,rx)=(1012,1112)
D/AudioHardwareMSM8660(  130): BT name Motorola S10-HD (tx,rx)=(1013,1113)
D/AudioHardwareMSM8660(  130): BT name END (tx,rx)=(0,0)
I/HTC Acoustic(  130): TPA2051 CSV File Open From /system/etc/TPA2051_CFG_XC.csv
I/HTC Acoustic(  130): open /system/etc/TPA2051_CFG_XC.csv success.
I/HTC Acoustic(  130): TPA2026 CSV File Open From /system/etc/@Fۯ
E/HTC Acoustic(  130): failed to open TPA2026 CSV files /system/etc/@Fۯ.
E/AudioHardwareMSM8660(  130): set_tpa2026_parameters fail
I/HTC Acoustic(  130): TPA2028 CSV File Open From /system/etc/
E/HTC Acoustic(  130): failed to open tpa2028 CSV files /system/etc/.
E/AudioHardwareMSM8660(  130): set_tpa2028_parameters fail
D/HTC Acoustic(  130): int android::support_codec_aic3254(), support_aic3254: 1
D/HTC Acoustic(  130): int android::support_back_mic(), support_back_mic: 1
D/HTC Acoustic(  130): failed to open file /system/etc/AIC3254_REG_MFG.csv: No such file or directory (2).
D/HTC Acoustic(  130): failed to open file /system/etc/AIC3254_REG_HTC-WWE_DualMic.csv: No such file or directory (2).
D/HTC Acoustic(  130): int android::support_back_mic(), support_back_mic: 1
I/HTC Acoustic(  130): open /system/etc/AIC3254_REG_DualMic.csv success.
I/HTC Acoustic(  130): AIC3254 table version:  HTC_PYD_0512
D/HTC Acoustic(  130): int android::support_amr_wb(), support_amr_wb: 0
I/HTC Acoustic(  130): open /system/etc/CodecDSPID.txt success.
I/HTC Acoustic(  130): Codec dsp mapping table version:  PYD_soundeffet_2011_0328
I/HTC Acoustic(  130): open /system/etc/soundimage/Sound_Phone_Original_HP.txt success.
I/HTC Acoustic(  130): (Phone_Default,/system/etc/soundimage/Sound_Phone_Original_HP.txt) with index 0
I/HTC Acoustic(  130): open /system/etc/soundimage/Sound_Original.txt success.
I/HTC Acoustic(  130): (Playback_Default,/system/etc/soundimage/Sound_Original.txt) with index 1
I/HTC Acoustic(  130): open /system/etc/soundimage/Sound_Original_SPK.txt success.
I/HTC Acoustic(  130): (Playback_Speaker_Default,/system/etc/soundimage/Sound_Original_SPK.txt) with index 2
I/HTC Acoustic(  130): open /system/etc/soundimage/Sound_Original_Recording.txt success.
I/HTC Acoustic(  130): (Record_Default,/system/etc/soundimage/Sound_Original_Recording.txt) with index 3
I/HTC Acoustic(  130): open /system/etc/soundimage/Sound_Phone_Original_REC.txt success.
I/HTC Acoustic(  130): (Phone_Handset_Dualmic,/system/etc/soundimage/Sound_Phone_Original_REC.txt) with index 4
I/HTC Acoustic(  130): open /system/etc/soundimage/Sound_Phone_Original_SPK.txt success.
I/HTC Acoustic(  130): (Phone_Speaker_Dualmic,/system/etc/soundimage/Sound_Phone_Original_SPK.txt) with index 5
I/HTC Acoustic(  130): open /system/etc/soundimage/Sound_Phone_Original_HP.txt success.
I/HTC Acoustic(  130): (Phone_Headset,/system/etc/soundimage/Sound_Phone_Original_HP.txt) with index 6
I/HTC Acoustic(  130): open /system/etc/soundimage/Sound_Phone_Original_REC.txt success.
I/HTC Acoustic(  130): (Phone_HAC,/system/etc/soundimage/Sound_Phone_Original_REC.txt) with index 7
I/HTC Acoustic(  130): open /system/etc/soundimage/Sound_Phone_Original_HP.txt success.
I/HTC Acoustic(  130): (Phone_TTY,/system/etc/soundimage/Sound_Phone_Original_HP.txt) with index 8
I/HTC Acoustic(  130): open /system/etc/soundimage/Sound_Beats.txt success.
I/HTC Acoustic(  130): (Playback_Headset_Beats,/system/etc/soundimage/Sound_Beats.txt) with index 9
I/HTC Acoustic(  130): open /system/etc/soundimage/Sound_Recording.txt success.
I/HTC Acoustic(  130): (Record_V_Mono,/system/etc/soundimage/Sound_Recording.txt) with index 10
I/HTC Acoustic(  130): open /system/etc/soundimage/Sound_Rec_Landscape.txt success.
I/HTC Acoustic(  130): (Record_V_IMIC_Landscape_Stereo,/system/etc/soundimage/Sound_Rec_Landscape.txt) with index 11
I/HTC Acoustic(  130): open /system/etc/soundimage/Sound_Rec_Portrait.txt success.
I/HTC Acoustic(  130): (Record_V_IMIC_Protrait_Stereo,/system/etc/soundimage/Sound_Rec_Portrait.txt) with index 12
I/HTC Acoustic(  130): open /system/etc/soundimage/Sound_Recording.txt success.
I/HTC Acoustic(  130): (Record_A_IMIC_Mono,/system/etc/soundimage/Sound_Recording.txt) with index 13
I/HTC Acoustic(  130): open /system/etc/soundimage/Sound_Recording.txt success.
I/HTC Acoustic(  130): (Record_A_EMIC_Mono,/system/etc/soundimage/Sound_Recording.txt) with index 14
I/HTC Acoustic(  130): htc_effect_mask = 0xfffe
I/AudioHardwareMSM8660(  130): mSoundEffectMask = FFFE
D/AudioHardwareMSM8660(  130): load /system/lib/libaudcal.so 
D/AudioHardwareMSM8660(  130): ACDB -> ACDB_CMD_INITIALIZE
E/ACDB    (  130): ACDB init open file failed
D/AudioHardwareMSM8660(  130): ACDB -> PMEM_ALLOCATE
D/AudioHardwareMSM8660(  130): ACDB -> register PMEM to ACDB driver: 0x40210000
D/AudioHardwareMSM8660(  130): ACDB -> init done!
D/AudioHardwareMSM8660(  130): ======= setMode from 0 to 0 ======
D/AudioHardwareInterface(  130): setMode(NORMAL)
I/AudioHardwareMSM8660(  130): Set master volume to 7.
I/CameraService(  130): CameraService started (pid=130)
D/QualcommCameraHardware3D(  130): int android::HAL_getNumberOfCameras(),return how many camera 2
D/OLAWORK (  130): create OlaEngine
D/OLAWORK (  130): create Ola FD
D/HTC Acoustic(  130): int android::support_back_mic(), support_back_mic: 1
D/AudioPolicyManagerBase(  130): mSupportBacMic = 1
E/AudioPolicyManagerBase(  130): Could not open support_receiver()
D/AudioPolicyManagerBase(  130): mSupportReceiver = 1
D/AudioFlinger(  130): nextUniqueId, current 1
I/AudioFlinger(  130): AudioFlinger's thread 0x1d6a8 ready to run
D/AudioPolicyService(  130): AudioPolicyService::AudioCommandThread::parametersCommand()  before command->mCond.wait()
I/AudioHardwareMSM8660(  130): Routing audio to Speakerphone
D/AudioHardwareMSM8660(  130): new_rx = 2
D/AudioHardwareMSM8660(  130): new_tx = 4
D/AudioHardwareMSM8660(  130): doTpa2051_Control mode = 1 rc = 0
D/AudioHardwareMSM8660(  130): android::status_t android::updateDeviceInfo(int, int, bool, bool, int) Enable New Device (VOICE_CALL, PCM_PLAY, FM_RADIO, LPA_DECODE) = (0, 0, 0, 0)
D/AudioHardwareMSM8660(  130): read batter temp = 308
I/HTC Acoustic(  130): set_audio_effect: Playback_Speaker_Default
I/HTC Acoustic(  130): set_audio_effect: match with name Playback_Speaker_Default (2)
I/HTC Acoustic(  130): found enabled DSP firmwares and return 0
I/AudioHardwareMSM8660(  130): aic3254_config: sound effect (Playback_Speaker_Default) 1 0 0
D/AudioHardwareMSM8660(  130): enableDevice(2 1)
D/AudioHardwareMSM8660(  130): enableDevice(2 0)
D/AudioPolicyService(  130): AudioPolicyService::AudioCommandThread::parametersCommand()  after command->mCond.wait()
I/AudioHardwareMSM8660(  130): AudioHardware pcm playback is going to standby.
D/AudioSystem(  130): linearToSpecifyHtcVolume(volume:100, streamType:0, audio_devices:2)
D/AudioSystem(  130): initGainTables(), Init GainTableMusicHeadset.
D/AudioHardwareMSM8660(  130): setVoiceVolume(1.000000)
I/AudioHardwareMSM8660(  130): Setting in-call volume to 0 (available range is 5(MIN VOLUME) to 0(MAX VOLUME)
D/AudioSystem(  130): linearToSpecifyHtcVolume(volume:100, streamType:1, audio_devices:2)
D/AudioSystem(  130): linearToSpecifyHtcVolume(volume:100, streamType:2, audio_devices:2)
D/AudioSystem(  130): linearToSpecifyHtcVolume(volume:100, streamType:3, audio_devices:2)
D/AudioSystem(  130): linearToSpecifyHtcVolume(volume:100, streamType:4, audio_devices:2)
D/AudioSystem(  130): linearToSpecifyHtcVolume(volume:100, streamType:5, audio_devices:2)
D/AudioSystem(  130): linearToSpecifyHtcVolume(volume:100, streamType:7, audio_devices:2)
D/AudioSystem(  130): linearToSpecifyHtcVolume(volume:100, streamType:8, audio_devices:2)
D/AudioSystem(  130): linearToSpecifyHtcVolume(volume:100, streamType:9, audio_devices:2)
I/rmt_storage(  143): rmt_storage open event: handle=1
I/rmt_storage(  143): Opened /dev/block/mmcblk0p25 for /boot/modem_fs1
I/rmt_storage(  143): rmt_storage events processing done
I/rmt_storage(  143): rmt_storage client thread started 
I/rmt_storage(  143): rmt_storage send user data event
I/rmt_storage(  143): rmt_storage events processing done
I/rmt_storage(  143): rmt_storage open event: handle=2
I/rmt_storage(  143): Opened /dev/block/mmcblk0p26 for /boot/modem_fs2
I/rmt_storage(  143): rmt_storage events processing done
I/rmt_storage(  143): rmt_storage send user data event
I/rmt_storage(  143): rmt_storage events processing done
I/rmt_storage(  143): rmt_storage client thread started 
I/rmt_storage(  143): rmt_storage open event: handle=3
E/rmt_storage(  143): Unable to open /boot/modem_fsg
I/rmt_storage(  143): rmt_storage events processing done
I/rmt_storage(  143): rmt_storage send user data event
E/rmt_storage(  143): Invalid rmt_storage client
I/rmt_storage(  143): rmt_storage events processing done
I/rmt_storage(  143): rmt_storage open event: handle=4
I/rmt_storage(  143): Opened /dev/block/mmcblk0p18 for /boot/radio_config
I/rmt_storage(  143): rmt_storage events processing done
I/rmt_storage(  143): rmt_storage send user data event
I/rmt_storage(  143): rmt_storage events processing done
I/rmt_storage(  143): rmt_storage read event
I/rmt_storage(  143): rmt_storage events processing done
I/rmt_storage(  143): unblock rmt_storage client thread
I/rmt_storage(  143): rmt_storage client thread started 
I/rmt_storage(  143): rmt_storage fop(4): bytes transferred = 512
I/rmt_storage(  143): rmt_storage fop(4): bytes transferred = 512
I/rmt_storage(  143): rmt_storage read event
I/rmt_storage(  143): rmt_storage events processing done
I/rmt_storage(  143): unblock rmt_storage client thread
I/rmt_storage(  143): rmt_storage fop(4): bytes transferred = 512
I/rmt_storage(  143): rmt_storage fop(4): bytes transferred = 512
I/SamplingProfilerIntegration(  129): Profiler is disabled.
I/rmt_storage(  143): rmt_storage read event
I/rmt_storage(  143): rmt_storage events processing done
I/rmt_storage(  143): unblock rmt_storage client thread
I/Zygote  (  129): Preloading classes...
E/Zygote  (  129): setreuid() failed. errno: 2
D/dalvikvm(  129): GC_EXPLICIT freed 50K, 74% free 266K/1024K, external 0K/0K, paused 1ms
D/dalvikvm(  129): GC_EXPLICIT freed 1K, 70% free 316K/1024K, external 0K/0K, paused 3ms
I/rmt_storage(  143): rmt_storage fop(4): bytes transferred = 3144704
D/dalvikvm(  129): GC_EXPLICIT freed 9K, 63% free 386K/1024K, external 0K/0K, paused 2ms
I/bluetooth_ScoSocket.cpp(  129): Entry name = MY-CAR ScoTypes = 0x7f
I/bluetooth_ScoSocket.cpp(  129): Entry name = Motorola HF850 ScoTypes = 0x7
D/dalvikvm(  129): GC_EXPLICIT freed 25K, 59% free 429K/1024K, external 0K/0K, paused 3ms
D/dalvikvm(  129): GC_EXPLICIT freed 27K, 56% free 458K/1024K, external 0K/0K, paused 3ms
D/dalvikvm(  129): GC_EXPLICIT freed 26K, 49% free 522K/1024K, external 0K/0K, paused 3ms
I/dalvikvm(  129): threadid=1: recursive native library load attempt (/system/lib/libmedia_jni.so)
D/dalvikvm(  129): GC_EXPLICIT freed 100K, 38% free 640K/1024K, external 0K/0K, paused 4ms
D/dalvikvm(  129): GC_EXPLICIT freed 272K, 25% free 967K/1283K, external 0K/0K, paused 8ms
D/dalvikvm(  129): GC_EXPLICIT freed 23K, 20% free 1031K/1283K, external 0K/0K, paused 6ms
D/dalvikvm(  129): GC_EXPLICIT freed 28K, 19% free 1103K/1347K, external 0K/0K, paused 7ms
D/dalvikvm(  129): GC_EXPLICIT freed 47K, 7% free 1385K/1475K, external 0K/0K, paused 10ms
D/dalvikvm(  129): GC_EXPLICIT freed 24K, 5% free 1416K/1475K, external 0K/0K, paused 10ms
D/dalvikvm(  129): GC_EXPLICIT freed 28K, 3% free 1441K/1475K, external 0K/0K, paused 10ms
I/dalvikvm(  129): threadid=1: recursive native library load attempt (/system/lib/libwebcore.so)
D/dalvikvm(  129): GC_EXPLICIT freed 11K, 4% free 1484K/1539K, external 0K/0K, paused 10ms
W/Zygote  (  129): Class not found for preloading: android.widget.TextView$SelectionModifierCursorController$1
D/dalvikvm(  129): GC_EXPLICIT freed 29K, 2% free 1509K/1539K, external 0K/0K, paused 13ms
D/dalvikvm(  129): GC_EXPLICIT freed 30K, 5% free 1534K/1603K, external 0K/0K, paused 11ms
D/dalvikvm(  129): GC_EXPLICIT freed 26K, 3% free 1564K/1603K, external 0K/0K, paused 11ms
D/dalvikvm(  129): GC_EXPLICIT freed 43K, 6% free 1576K/1667K, external 0K/0K, paused 12ms
D/dalvikvm(  129): GC_EXPLICIT freed 67K, 5% free 1596K/1667K, external 0K/0K, paused 11ms
D/dalvikvm(  129): GC_FOR_MALLOC freed 2841K, 56% free 2282K/5123K, external 0K/0K, paused 34ms
D/dalvikvm(  129): GC_EXPLICIT freed 1777K, 52% free 2467K/5123K, external 0K/0K, paused 28ms
D/dalvikvm(  129): GC_EXPLICIT freed 147K, 51% free 2531K/5123K, external 0K/0K, paused 21ms
D/dalvikvm(  129): GC_EXPLICIT freed 73K, 51% free 2557K/5123K, external 0K/0K, paused 20ms
D/dalvikvm(  129): GC_EXPLICIT freed 36K, 50% free 2574K/5123K, external 0K/0K, paused 20ms
D/dalvikvm(  129): GC_EXPLICIT freed 31K, 50% free 2597K/5123K, external 0K/0K, paused 20ms
D/dalvikvm(  129): GC_EXPLICIT freed 38K, 49% free 2620K/5123K, external 0K/0K, paused 20ms
I/Zygote  (  129): ...preloaded 1829 classes in 3231ms.
E/Zygote  (  129): setreuid() failed. errno: 17
D/dalvikvm(  129): GC_EXPLICIT freed 18K, 49% free 2619K/5123K, external 0K/0K, paused 20ms
I/Zygote  (  129): Preloading resources...
D/skia    (  129): -------------- inform VM we've allocated 20736 bytes in native space
D/skia    (  129): -------------- inform VM we've allocated 1564 bytes in native space
D/skia    (  129): -------------- inform VM we've allocated 16416 bytes in native space
D/skia    (  129): -------------- inform VM we've allocated 16416 bytes in native space
D/skia    (  129): -------------- inform VM we've allocated 16416 bytes in native space
D/skia    (  129): -------------- inform VM we've allocated 16416 bytes in native space
D/skia    (  129): -------------- inform VM we've allocated 16416 bytes in native space
D/skia    (  129): -------------- inform VM we've allocated 16416 bytes in native space
D/skia    (  129): -------------- inform VM we've allocated 16416 bytes in native space
D/skia    (  129): -------------- inform VM we've allocated 16416 bytes in native space
D/skia    (  129): -------------- inform VM we've allocated 16416 bytes in native space
D/skia    (  129): -------------- inform VM we've allocated 16416 bytes in native space
D/skia    (  129): -------------- inform VM we've allocated 13456 bytes in native space
D/skia    (  129): -------------- inform VM we've allocated 19564 bytes in native space
D/skia    (  129): -------------- inform VM we've allocated 19564 bytes in native space
D/skia    (  129): -------------- inform VM we've allocated 19564 bytes in native space
D/skia    (  129): -------------- inform VM we've allocated 19564 bytes in native space
D/skia    (  129): -------------- inform VM we've allocated 19564 bytes in native space
D/skia    (  129): -------------- inform VM we've allocated 20020 bytes in native space
D/skia    (  129): -------------- inform VM we've allocated 20020 bytes in native space
D/skia    (  129): -------------- inform VM we've allocated 20020 bytes in native space
D/skia    (  129): -------------- inform VM we've allocated 20020 bytes in native space
D/skia    (  129): -------------- inform VM we've allocated 20020 bytes in native space
D/skia    (  129): -------------- inform VM we've allocated 35332 bytes in native space
D/skia    (  129): -------------- inform VM we've allocated 35332 bytes in native space
D/skia    (  129): -------------- inform VM we've allocated 35332 bytes in native space
D/skia    (  129): -------------- inform VM we've allocated 35332 bytes in native space
D/skia    (  129): -------------- inform VM we've allocated 35332 bytes in native space
D/skia    (  129): -------------- inform VM we've allocated 29832 bytes in native space
D/skia    (  129): -------------- inform VM we've allocated 29832 bytes in native space
D/skia    (  129): -------------- inform VM we've allocated 29832 bytes in native space
D/skia    (  129): -------------- inform VM we've allocated 29832 bytes in native space
D/skia    (  129): -------------- inform VM we've allocated 29832 bytes in native space
D/skia    (  129): -------------- inform VM we've allocated 29832 bytes in native space
D/skia    (  129): -------------- inform VM we've allocated 29832 bytes in native space
D/skia    (  129): -------------- inform VM we've allocated 29832 bytes in native space
D/skia    (  129): -------------- inform VM we've allocated 29832 bytes in native space
D/skia    (  129): -------------- inform VM we've allocated 29832 bytes in native space
D/skia    (  129): -------------- inform VM we've allocated 16416 bytes in native space
D/skia    (  129): -------------- inform VM we've allocated 16416 bytes in native space
D/skia    (  129): -------------- inform VM we've allocated 16416 bytes in native space
D/skia    (  129): -------------- inform VM we've allocated 16416 bytes in native space
D/skia    (  129): -------------- inform VM we've allocated 16416 bytes in native space
D/skia    (  129): -------------- inform VM we've allocated 16416 bytes in native space
D/dalvikvm(  129): GC_EXPLICIT freed 22K, 49% free 2656K/5123K, external 0K/0K, paused 21ms
D/skia    (  129): -------------- inform VM we've allocated 8640 bytes in native space
D/skia    (  129): -------------- inform VM we've allocated 8640 bytes in native space
D/skia    (  129): -------------- inform VM we've allocated 8640 bytes in native space
D/skia    (  129): -------------- inform VM we've allocated 8640 bytes in native space
D/skia    (  129): -------------- inform VM we've allocated 8640 bytes in native space
D/skia    (  129): -------------- inform VM we've allocated 8640 bytes in native space
D/skia    (  129): -------------- inform VM we've allocated 8640 bytes in native space
D/skia    (  129): -------------- inform VM we've allocated 8640 bytes in native space
D/skia    (  129): -------------- inform VM we've allocated 8640 bytes in native space
D/skia    (  129): -------------- inform VM we've allocated 8640 bytes in native space
D/skia    (  129): -------------- inform VM we've allocated 5896 bytes in native space
D/skia    (  129): -------------- inform VM we've allocated 5896 bytes in native space
D/skia    (  129): -------------- inform VM we've allocated 4096 bytes in native space
D/skia    (  129): -------------- inform VM we've allocated 4 bytes in native space
D/skia    (  129): -------------- inform VM we've allocated 4 bytes in native space
D/skia    (  129): -------------- inform VM we've allocated 39420 bytes in native space
D/skia    (  129): -------------- inform VM we've allocated 39420 bytes in native space
D/skia    (  129): -------------- inform VM we've allocated 39420 bytes in native space
D/skia    (  129): -------------- inform VM we've allocated 39420 bytes in native space
D/skia    (  129): -------------- inform VM we've allocated 39420 bytes in native space
D/skia    (  129): -------------- inform VM we've allocated 10780 bytes in native space
D/skia    (  129): -------------- inform VM we've allocated 10780 bytes in native space
D/skia    (  129): -------------- inform VM we've allocated 23104 bytes in native space
D/skia    (  129): -------------- inform VM we've allocated 23104 bytes in native space
D/skia    (  129): -------------- inform VM we've allocated 23104 bytes in native space
D/skia    (  129): -------------- inform VM we've allocated 23104 bytes in native space
D/skia    (  129): -------------- inform VM we've allocated 7320 bytes in native space
D/skia    (  129): -------------- inform VM we've allocated 3720 bytes in native space
D/skia    (  129): -------------- inform VM we've allocated 23104 bytes in native space
D/skia    (  129): -------------- inform VM we've allocated 22500 bytes in native space
D/skia    (  129): -------------- inform VM we've allocated 23104 bytes in native space
D/skia    (  129): -------------- inform VM we've allocated 23104 bytes in native space
D/skia    (  129): -------------- inform VM we've allocated 16128 bytes in native space
D/skia    (  129): -------------- inform VM we've allocated 16128 bytes in native space
D/skia    (  129): -------------- inform VM we've allocated 32544 bytes in native space
D/skia    (  129): -------------- inform VM we've allocated 1728 bytes in native space
D/skia    (  129): -------------- inform VM we've allocated 1728 bytes in native space
D/skia    (  129): -------------- inform VM we've allocated 50176 bytes in native space
D/skia    (  129): -------------- inform VM we've allocated 16416 bytes in native space
D/skia    (  129): -------------- inform VM we've allocated 16416 bytes in native space
D/skia    (  129): -------------- inform VM we've allocated 4320 bytes in native space
D/skia    (  129): -------------- inform VM we've allocated 4320 bytes in native space
D/skia    (  129): -------------- inform VM we've allocated 4320 bytes in native space
D/skia    (  129): -------------- inform VM we've allocated 2304 bytes in native space
D/dalvikvm(  129): GC_EXPLICIT freed 25K, 48% free 2689K/5123K, external 0K/0K, paused 21ms
D/skia    (  129): -------------- inform VM we've allocated 2304 bytes in native space
D/skia    (  129): -------------- inform VM we've allocated 1120 bytes in native space
D/skia    (  129): -------------- inform VM we've allocated 972 bytes in native space
D/skia    (  129): -------------- inform VM we've allocated 8568 bytes in native space
D/skia    (  129): -------------- inform VM we've allocated 8568 bytes in native space
D/skia    (  129): -------------- inform VM we've allocated 24992 bytes in native space
D/skia    (  129): -------------- inform VM we've allocated 24992 bytes in native space
D/skia    (  129): -------------- inform VM we've allocated 24992 bytes in native space
D/skia    (  129): -------------- inform VM we've allocated 7360 bytes in native space
D/skia    (  129): -------------- inform VM we've allocated 480 bytes in native space
D/skia    (  129): -------------- inform VM we've allocated 1836 bytes in native space
D/skia    (  129): -------------- inform VM we've allocated 1836 bytes in native space
D/skia    (  129): -------------- inform VM we've allocated 65536 bytes in native space
D/skia    (  129): -------------- inform VM we've allocated 65536 bytes in native space
D/skia    (  129): -------------- inform VM we've allocated 65536 bytes in native space
I/Zygote  (  129): ...preloaded 51 resources in 212ms.
I/Zygote  (  129): ...preloaded 15 resources in 5ms.
D/dalvikvm(  129): GC_EXPLICIT freed 19K, 48% free 2698K/5123K, external 0K/0K, paused 21ms
D/dalvikvm(  129): GC_EXPLICIT freed 5K, 48% free 2692K/5123K, external 0K/0K, paused 21ms
D/dalvikvm(  129): GC_EXPLICIT freed <1K, 48% free 2692K/5123K, external 0K/0K, paused 21ms
I/dalvikvm(  129): System server process 243 has been created
I/Zygote  (  129): Accepting command socket connections
I/sysproc (  243): Entered system_init()
I/sysproc (  243): ServiceManager: 0x153888
I/SurfaceFlinger(  243): SurfaceFlinger is starting
I/SurfaceFlinger(  243): SurfaceFlinger's main thread ready to run. Initializing graphics H/W...
W/msm8660.gralloc(  243): FBIOPUT_VSCREENINFO failed, page flipping not supported
W/msm8660.gralloc(  243): page flipping not supported (yres_virtual=960, requested=1920)
I/msm8660.gralloc(  243): using (fd=38)
I/msm8660.gralloc(  243): id           = msmfb40_90201
I/msm8660.gralloc(  243): xres         = 540 px
I/msm8660.gralloc(  243): yres         = 960 px
I/msm8660.gralloc(  243): xres_virtual = 544 px
I/msm8660.gralloc(  243): yres_virtual = 1920 px
I/msm8660.gralloc(  243): bpp          = 32
I/msm8660.gralloc(  243): r            =  0:8
I/msm8660.gralloc(  243): g            =  8:8
I/msm8660.gralloc(  243): b            = 16:8
I/msm8660.gralloc(  243): width        = 86 mm (159.488373 dpi)
I/msm8660.gralloc(  243): height       = 152 mm (160.421051 dpi)
I/msm8660.gralloc(  243): refresh rate = 60.00 Hz
W/SurfaceFlinger(  243): C2D composition
D/libEGL  (  243): loaded /system/lib/egl/libGLES_android.so
D/libEGL  (  243): loaded /system/lib/egl/libEGL_adreno200.so
D/libEGL  (  243): loaded /system/lib/egl/libGLESv1_CM_adreno200.so
D/libEGL  (  243): loaded /system/lib/egl/libGLESv2_adreno200.so
I/SurfaceFlinger(  243): EGL informations:
I/SurfaceFlinger(  243): # of configs : 35
I/SurfaceFlinger(  243): vendor    : Android
I/SurfaceFlinger(  243): version   : 1.4 Android META-EGL
I/SurfaceFlinger(  243): extensions: EGL_KHR_image EGL_KHR_image_base EGL_KHR_image_pixmap EGL_ANDROID_image_native_buffer EGL_ANDROID_swap_rectangle 
I/SurfaceFlinger(  243): Client API: OpenGL ES
I/SurfaceFlinger(  243): EGLSurface: 8-8-8-8, config=0x1f
I/SurfaceFlinger(  243): OpenGL informations:
I/SurfaceFlinger(  243): vendor    : Android
I/SurfaceFlinger(  243): renderer  : Android PixelFlinger 1.4
I/SurfaceFlinger(  243): version   : OpenGL ES-CM 1.0
I/SurfaceFlinger(  243): extensions: GL_OES_byte_coordinates GL_OES_fixed_point GL_OES_single_precision GL_OES_read_format GL_OES_compressed_paletted_texture GL_OES_draw_texture GL_OES_matrix_get GL_OES_query_matrix GL_OES_EGL_image GL_OES_compressed_ETC1_RGB8_texture GL_ARB_texture_compression GL_ARB_texture_non_power_of_two GL_ANDROID_user_clip_plane GL_ANDROID_vertex_buffer_object GL_ANDROID_generate_mipmap 
I/SurfaceFlinger(  243): GL_MAX_TEXTURE_SIZE = 4096
I/SurfaceFlinger(  243): GL_MAX_VIEWPORT_DIMS = 4096
I/SurfaceFlinger(  243): flags = 000c0000
I/SurfaceFlinger(  243): disable rotate animation
D/msm8660.gralloc(  243): SurfaceFlinger total size is 67108864
I/SurfaceFlinger(  243): LayerAnimationFactory::init: 540 x 960
D/SensorService(  243): nuSensorService starting...
D/Sensors (  243): Opening sensors...
E/Sensors (  243): Sensors sensors_poll_context_t++
W/zipro   (  273): Unable to open zip '/system/etc/customer/bootanimation.zip': No such file or directory
D/HtcBootAnimation(  273): Get cid:HTC__001
D/HtcBootAnimation(  273): filepath:/system/customize/CID/HTC__001.xml
D/HtcBootAnimation(  273): Load /system/customize/CID/HTC__001.xml 
D/HtcBootAnimation(  273): Using OpenGL
E/HtcBootAnimation(  273): Could not find width. 
E/HtcBootAnimation(  273): Could not find height. 
E/HtcBootAnimation(  273): Could not find framerate. 
E/HtcBootAnimation(  273): Could not find part1. 
E/HtcBootAnimation(  273): Could not find part2. 
E/HtcBootAnimation(  273): Could not find part3. 
I/HtcBootAnimation(  273): checkAudioFromDb, getprop ro.phone.function=1
I/HtcBootAnimation(  273): checkAudioFromDb, name = mode_ringer or name = volume_ring
I/HtcBootAnimation(  273): sqlcallback, getprop ro.phone.function=1
I/HtcBootAnimation(  273): sqlcallback, support phone function
I/HtcBootAnimation(  273): sqlcallback, getprop ro.phone.function=1
I/HtcBootAnimation(  273): sqlcallback, support phone function
D/HtcBootAnimation(  273): silent reboot = 0
D/libEGL  (  273): loaded /system/lib/egl/libGLES_android.so
D/libEGL  (  273): loaded /system/lib/egl/libEGL_adreno200.so
D/libEGL  (  273): loaded /system/lib/egl/libGLESv1_CM_adreno200.so
D/libEGL  (  273): loaded /system/lib/egl/libGLESv2_adreno200.so
E/Adreno200-ES20(  273): rb verson is SBA #24
I/AudioSystem(  273): getting audio flinger
I/AudioSystem(  273): returning new audio session id
D/IAudioFlinger(  273): newAudioSessionId In
D/AudioFlinger(  130): nextUniqueId, current 2
D/IAudioFlinger(  273): newAudioSessionId Out, id = 2
V/ExtendedExtractor(  130): Failed to open MM_PARSER_LIB, dlerror = Cannot load library: load_library[1105]: Library 'libmmparser.so' not found 
V/ExtendedExtractor(  130): Failed to open MM_PARSER_LITE_LIB, dlerror = Cannot load library: load_library[1105]: Library 'libmmparser_lite.so' not found 
I/StagefrightPlayer(  130): setDataSource('/system/customize/resource/android_audio.mp3')
I/HtcBootAnimation(  273): readyToRun, getprop ro.phone.function=1
I/HtcBootAnimation(  273): readyToRun, setAudioStreamType(AudioSystem::RING)
D/Sensors (  243): Creating Proximity Sensor...
D/Sensors (  243): Creating Proximity Sensor..., mEnabled = 0
E/Sensors (  243): could not open the accel irq device node
D/Sensors (  243): MPLSensor falling back to timerirq for accel data
I/MPL-mlsl(  243): MLSLSerialOpen: /dev/mpu
I/        (  243): mpu3050_suspend: suspending sensors to 0000
I/        (  243): mpu3050_suspend: Will resume next to 03ff
I/MPL-storeload(  243): MLLoadCalibration_HTC_MFG ++
E/MPL-mlsl(  243): Cannot open file "/data/misc/mpumfg.bin" for read
I/MPL-storeload(  243): MLLoadCalibration_HTC_MFG, Could not read the User calibration,file not exist: result 14
I/MPL-storeload(  243): MLLoadCalibration_HTC_MFG, Try to read the HTC MFG calibration data from flash
I/MPL-mlsl(  243): MLSLReadMfgCal: ++
I/MPL-mlsl(  243): cal[0]: 0x0
I/MPL-mlsl(  243): cal[1]: 0x0
I/MPL-mlsl(  243): cal[2]: 0x0
I/MPL-mlsl(  243): cal[3]: 0x24
I/MPL-mlsl(  243): cal[4]: 0x0
I/MPL-mlsl(  243): cal[5]: 0x5
I/MPL-mlsl(  243): cal[6]: 0xc8
I/MPL-mlsl(  243): cal[7]: 0x46
I/MPL-mlsl(  243): cal[8]: 0xff
I/MPL-mlsl(  243): cal[9]: 0xfa
I/MPL-mlsl(  243): cal[10]: 0xb6
I/MPL-mlsl(  243): cal[11]: 0x10
I/MPL-mlsl(  243): cal[12]: 0x0
I/MPL-mlsl(  243): cal[13]: 0x5
I/MPL-mlsl(  243): cal[14]: 0xb2
I/MPL-mlsl(  243): cal[15]: 0xfc
I/MPL-mlsl(  243): cal[16]: 0x0
I/MPL-mlsl(  243): cal[17]: 0x1
I/MPL-mlsl(  243): cal[18]: 0x5a
I/MPL-mlsl(  243): cal[19]: 0x44
I/MPL-mlsl(  243): cal[20]: 0x0
I/MPL-mlsl(  243): cal[21]: 0x0
I/MPL-mlsl(  243): cal[22]: 0x0
I/MPL-mlsl(  243): cal[23]: 0x6c
I/MPL-mlsl(  243): cal[24]: 0xff
I/MPL-mlsl(  243): cal[25]: 0xff
I/MPL-mlsl(  243): cal[26]: 0xf2
I/MPL-mlsl(  243): cal[27]: 0xdc
I/MPL-mlsl(  243): cal[28]: 0xff
I/MPL-mlsl(  243): cal[29]: 0xff
I/MPL-mlsl(  243): cal[30]: 0xfe
I/MPL-mlsl(  243): cal[31]: 0xac
I/MPL-mlsl(  243): cal[32]: 0xef
I/MPL-mlsl(  243): cal[33]: 0x6e
I/MPL-mlsl(  243): cal[34]: 0xe6
I/MPL-mlsl(  243): cal[35]: 0xe4
E/MPL-mlsl(  243): Cannot open file "/data/misc/cal.bin" for read
I/MPL-storeload(  243): MLLoadCalibration_HTC_MFG, Calibration data not loaded error 14
I/MPL-storeload(  243): MLLoadCalibration ++
E/MPL-mlsl(  243): Cannot open file "/data/misc/mpuuser.bin" for read
E/MPL-storeload(  243): MLLoadCalibration, Could not read the User calibration,file not exist
E/Sensors (  243): could not open MPL calibration file
D/Sensors (  243): handle : 0 en: 0, v07-Correct timerirq initial delay setting
D/Sensors (  243): handle : 1 en: 0, v07-Correct timerirq initial delay setting
D/Sensors (  243): handle : 2 en: 0, v07-Correct timerirq initial delay setting
D/Sensors (  243): handle : 3 en: 0, v07-Correct timerirq initial delay setting
D/Sensors (  243): handle : 4 en: 0, v07-Correct timerirq initial delay setting
D/Sensors (  243): handle : 5 en: 0, v07-Correct timerirq initial delay setting
D/Sensors (  243): handle : 6 en: 0, v07-Correct timerirq initial delay setting
D/Sensors (  243): Enabling Proximity Sensor..., mEnabled = 1, new state = 0
D/Sensors (  243): Enabling Proximity Sensor..., mEnabled = 0
I/SensorService(  243): MPL rotation vector
I/SensorService(  243): MPL linear accel
I/SensorService(  243): MPL gravity
I/SensorService(  243): MPL Gyro
I/SensorService(  243): MPL accel
I/SensorService(  243): MPL magnetic field
I/SensorService(  243): MPL Orientation (android deprecated format)
I/SensorService(  243): CM3602 Proximity sensor
I/SensorService(  243): CM3602 Light sensor
I/sysproc (  243): System server: starting Android runtime.
I/sysproc (  243): System server: starting Android services.
I/sysproc (  243): System server: entering thread pool.
D/SensorService(  243): nuSensorService thread starting...
I/SystemServer(  243): Entered the Android system server!
I/SystemServer(  243): Entropy Service
I/OMXCodec(  130): [Stagefright] use software codec=MP3Decoder 
I/HtcBootAnimation(  273): loadVolume, getprop ro.phone.function=1
D/HtcBootAnimation(  273): movie
D/HtcBootAnimation(  273): Parse the description file
I/SystemServer(  243): Power Manager
I/SystemServer(  243): Activity Manager
D/HtcBootAnimation(  273): play animation 0!
D/HtcBootAnimation(  273): play mp3 at android!
D/AudioSystem(  130): linearToSpecifyHtcVolume(volume:100, streamType:2, audio_devices:2)
D/AudioHardwareMSM8660(  130): curr_out_device = 2
D/AudioHardwareMSM8660(  130): read batter temp = 308
D/AudioHardwareMSM8660(  130): enableDevice(2 1)
D/AudioHardwareMSM8660(  130): ACDB -> send_audio_cal, acdb_id = 15, path =  0
D/AudioHardwareMSM8660(  130): ACDB -> ACDB_CMD_GET_AUDPROC_COMMON_TABLE
D/AudioHardwareMSM8660(  130): ACDB -> AUDIO_SET_AUDPROC_CAL
D/AudioHardwareMSM8660(  130): ACDB -> ACDB_CMD_GET_AUDPROC_GAIN_DEP_VOLTBL_STEP_COPP
D/AudioHardwareMSM8660(  130): ACDB -> AUDIO_SET_AUDPROC_VOL_CAL
W/AudioFlinger(  130): write blocked for 89 msecs, 1 delayed writes, thread 0x1d6a8
I/ActivityManager(  243): Memory class: 32
D/dalvikvm(  243): GC_CONCURRENT freed 71K, 45% free 3140K/5639K, external 0K/0K, paused 2ms+3ms
I/SystemServer(  243): Telephony Registry
I/SystemServer(  243): Package Manager
I/installd(  133): new connection
I/Installer(  243): connecting...
D/dalvikvm(  243): GC_CONCURRENT freed 269K, 45% free 3397K/6151K, external 0K/0K, paused 2ms+3ms
D/dalvikvm(  243): GC_CONCURRENT freed 265K, 43% free 3693K/6407K, external 0K/0K, paused 1ms+3ms
D/dalvikvm(  243): GC_CONCURRENT freed 666K, 47% free 3558K/6663K, external 0K/0K, paused 2ms+3ms
I/PackageManager(  243): Pruning dalvik file: data@app@com.bytehangar.MyAndroidSensors-1.apk@classes.dex
I/PackageManager(  243): Pruning dalvik file: data@app@com.greenecomputing.linpack-1.apk@classes.dex
I/PackageManager(  243): Pruning dalvik file: data@app@com.quicinc.vellamo-1.apk@classes.dex
I/PackageManager(  243): Pruning dalvik file: data@app@net.andchat-1.apk@classes.dex
I/PackageManager(  243): Pruning dalvik file: data@app@org.metalev.multitouch.visualizer2-1.apk@classes.dex
D/PackageManager(  243): sketcher blacklist = 6
V/PackageManager(  243): There is no coustomized sketcher blacklist
D/dalvikvm(  243): GC_CONCURRENT freed 284K, 45% free 3678K/6663K, external 0K/0K, paused 1ms+3ms
W/PackageParser(  243): Unknown element under <application>: uses-feature at /system/app/htcwatchwidget3d.apk Binary XML file line #11
W/PackageParser(  243): Unknown element under <application>: intent-filter at /system/app/htcwatchwidget3d.apk Binary XML file line #21
W/PackageParser(  243): Unknown element under <application>: uses-feature at /system/app/htcmailwidgets3d.apk Binary XML file line #29
W/ResourceType(  243): Failure getting entry for 0x7f020014 (t=1 e=20) in package 0 (error -75)
W/ResourceType(  243): Failure getting entry for 0x7f020014 (t=1 e=20) in package 0 (error -75)
W/ResourceType(  243): Failure getting entry for 0x7f090001 (t=8 e=1) in package 0 (error -75)
W/ResourceType(  243): Failure getting entry for 0x7f090001 (t=8 e=1) in package 0 (error -75)
W/PackageParser(  243): Unknown element under <application>: uses-feature at /system/app/htccalendarwidgets3d.apk Binary XML file line #24
W/ResourceType(  243): Failure getting entry for 0x7f0b0007 (t=10 e=7) in package 0 (error -75)
W/PackageParser(  243): Unknown element under <application>: uses-feature at /system/app/com.htc.htcmsgwidgets3d.apk Binary XML file line #10
W/PackageParser(  243): Unknown element under <application>: uses-feature at /system/app/com.htc.Twitter3DWidget.apk Binary XML file line #10
W/PackageParser(  243): Unknown element under <application>: uses-feature at /system/app/com.htc.TrendsWidget.apk Binary XML file line #10
W/PackageParser(  243): Unknown element under <application>: uses-feature at /system/app/com.htc.Sync3DWidget.apk Binary XML file line #10
W/PackageParser(  243): Unknown element under <application>: uses-feature at /system/app/com.htc.FriendStream3DWidget.apk Binary XML file line #10
W/PackageParser(  243): Unknown element under <application>: uses-feature at /system/app/com.htc.FMRadioWidget.apk Binary XML file line #13
W/PackageParser(  243): Unknown element under <application>: intent-filter at /system/app/com.htc.FMRadioWidget.apk Binary XML file line #23
W/ResourceType(  243): Failure getting entry for 0x7f020001 (t=1 e=1) in package 0 (error -75)
D/dalvikvm(  243): GC_CONCURRENT freed 203K, 42% free 3907K/6663K, external 0K/0K, paused 2ms+4ms
W/PackageParser(  243): Unknown element under <manifest>: uses-library at /system/app/WatchApp.apk Binary XML file line #276
W/PackageParser(  243): Unknown element under <manifest>: uses-library at /system/app/WatchApp.apk Binary XML file line #277
W/PackageParser(  243): Unknown element under <manifest>: uses-library at /system/app/UploadProvider.apk Binary XML file line #6
W/PackageParser(  243): Unknown element under <application>: uses-feature at /system/app/TripWidget3D.apk Binary XML file line #22
W/PackageParser(  243): No actions in intent filter at /system/app/Stock.apk Binary XML file line #88
D/dalvikvm(  243): GC_CONCURRENT freed 232K, 40% free 4143K/6855K, external 0K/0K, paused 2ms+3ms
I/rmt_storage(  143): rmt_storage write event
I/rmt_storage(  143): rmt_storage events processing done
I/rmt_storage(  143): unblock rmt_storage client thread
I/rmt_storage(  143): rmt_storage fop(1): bytes transferred = 3145216
I/rmt_storage(  143): rmt_storage fop(1): bytes transferred = 512
D/szipinf (  243): Initializing inflate state
W/PackageParser(  243): No actions in intent filter at /system/app/Settings.apk Binary XML file line #1397
D/dalvikvm(  243): GC_CONCURRENT freed 205K, 39% free 4358K/7047K, external 0K/0K, paused 2ms+3ms
W/PackageParser(  243): No actions in intent filter at /system/app/PolarisOffice.apk Binary XML file line #18
