D/laputa_lb(  674): [PathUtil] ExtStoragePath: /mnt/sdcard
D/laputa_lb(  674): [PathUtil] << initExtStoragePath, res: true
D/laputa_lb(  674): [PathUtil] >> initExtDataPath
D/laputa_lb(  674): [PathUtil] ExtDataPath: /mnt/sdcard/.data/footprints
D/laputa_lb(  674): [PathUtil] << initExtDataPath, res: false
D/laputa_lb(  674): [PathUtil] << init, false
E/laputa_lb(  674): [PathUtil] path is not inited!
D/laputa_lb(  674): [StorageUtil] [hasExternalStorage2] res: false
E/TripBootUpReceiver(  674): [BootUpReceiver] no sdcard.
E/TripBootUpReceiver(  674): [BootUpReceiver] init DB failed
D/FacebookReceiver(  498): on android.intent.action.BOOT_COMPLETED
I/RecoverySystem(  243): No recovery log file
I/ActivityManager(  243): Start proc com.htc.android.worldclock for broadcast com.htc.android.worldclock/.AlarmInitReceiver: pid=682 uid=1000 gids={3002, 3001, 3003, 2001, 1015, 1007}
D/dalvikvm(  129): GC_EXPLICIT freed 12K, 50% free 2704K/5379K, external 0K/0K, paused 34ms
D/dalvikvm(  129): GC_EXPLICIT freed <1K, 50% free 2704K/5379K, external 0K/0K, paused 34ms
I/BluetoothService(  243): Received BT_BOOTUP message
I/ActivityThread(  682): Pub com.htc.android.alarmclock: com.htc.android.worldclock.AlarmProvider
D/dalvikvm(  129): GC_EXPLICIT freed <1K, 50% free 2704K/5379K, external 0K/0K, paused 37ms
D/ContactMessageStore(  375): notify MmsSms
I/BootReceiver(  243): Copying /proc/last_kmsg to DropBox (SYSTEM_LAST_KMSG)
I/ActivityThread(  682): Pub com.htc.android.worldclock.StopwatchProvider: com.htc.android.worldclock.StopwatchProvider
I/ActivityThread(  682): Pub com.htc.android.worldclock.TabCarouselProvider: com.htc.android.worldclock.TabCarouselProvider
I/ActivityThread(  682): Pub com.htc.android.worldclock.TimerProvider: com.htc.android.worldclock.TimerProvider
I/WSP     (  462): [Receiver] EVENT - BOOT COMPLETED, is settings existed? true
I/ActivityManager(  243): Start proc com.android.vending for broadcast com.android.vending/.billing.BootCompletedReceiver: pid=692 uid=10018 gids={1015, 3003}
D/dalvikvm(  371): GC_CONCURRENT freed 89K, 44% free 3304K/5895K, external 2617K/3087K, paused 2ms+7ms
D/Database(  682): dbopen(): path = /data/data/com.htc.android.worldclock/databases/alarms.db, flag = 6, file size = 4096
D/Database(  682): dbopen(): path = /data/data/com.htc.android.worldclock/databases/alarms.db, mode: wal, disk free size: 1094 M, handle: 0x33aa10
D/dalvikvm(  377): GC_CONCURRENT freed 250K, 41% free 3908K/6599K, external 0K/0K, paused 2ms+5ms
I/ActivityThread(  692): Pub com.android.vending.SuggestionsProvider: com.android.vending.SuggestionsProvider
D/Database(  682): dbclose(): path = /data/data/com.htc.android.worldclock/databases/alarms.db, handle = 0x33aa10
D/Database(  682): dbopen(): path = /data/data/com.htc.android.worldclock/databases/alarms.db, flag = 6, file size = 4096
D/Database(  682): dbopen(): path = /data/data/com.htc.android.worldclock/databases/alarms.db, mode: wal, disk free size: 1094 M, handle: 0x34aae0
D/vending (  692): [1] VendingApplication.onCreate(): Resetting ServiceLocator from app
D/Database(  619): dbopen(): path = /data/data/com.android.providers.downloads/databases/downloads.db, flag = 6, file size = 9216
D/Database(  692): dbopen(): path = /data/data/com.android.vending/databases/assets14.db, flag = 6, file size = 6144
D/Database(  682): dbclose(): path = /data/data/com.htc.android.worldclock/databases/alarms.db, handle = 0x34aae0
D/UploadReceiver(  498): Action android.intent.action.BOOT_COMPLETED
D/UploadReceiver(  498): batchId = -1
D/vending (  692): [10] LocalDbSyncService.run(): Syncing local DB with package manager...
V/UploadReceiver(  498): Receiver onBoot
I/ActivityManager(  243): Start proc com.android.updater for broadcast com.android.updater/.UpdaterReceiver: pid=703 uid=10020 gids={3003, 1015, 2001}
I/Database(  619): sqlite returned: error code = 0, msg = Recovered 13 frames from WAL file /data/data/com.android.providers.downloads/databases/downloads.db-wal
D/Database(  619): dbopen(): path = /data/data/com.android.providers.downloads/databases/downloads.db, mode: wal, disk free size: 1094 M, handle: 0x377090
I/UploadService(  498): Service onCreate
D/Database(  498): dbopen(): path = /data/data/com.htc.providers.uploads/databases/uploads.db, flag = 6, file size = 10240
I/Database(  498): sqlite returned: error code = 0, msg = Recovered 10 frames from WAL file /data/data/com.htc.providers.uploads/databases/uploads.db-wal
D/Database(  498): dbopen(): path = /data/data/com.htc.providers.uploads/databases/uploads.db, mode: wal, disk free size: 1094 M, handle: 0x426ef0
D/Database(  682): dbopen(): path = /data/data/com.htc.android.worldclock/databases/alarms.db, flag = 6, file size = 4096
D/Database(  682): dbopen(): path = /data/data/com.htc.android.worldclock/databases/alarms.db, mode: wal, disk free size: 1094 M, handle: 0x33aa10
V/UploadHelper(  498): frequency = 
D/UploadReceiver(  498): daily, start auto upload service
I/UploadNotification(  498): updateNotification
I/UploadNotification(  498): colloateNotification
I/UploadNotification(  498): updateAllNotification
I/ActivityThread(  703): Pub com.android.updater: com.android.updater.UpdaterProvider
I/Database(  692): sqlite returned: error code = 0, msg = Recovered 8 frames from WAL file /data/data/com.android.vending/databases/assets14.db-wal
D/dalvikvm(  498): GC_CONCURRENT freed 208K, 48% free 2945K/5639K, external 0K/0K, paused 2ms+2ms
I/UploadService(  498): Service onStart
I/AutoUploadService(  498): onCreate
I/AutoUploadService(  498): onStartCommand
D/AutoUploadService(  498): reason: scheduler_alarm
D/AutoUploadService(  498): daily
D/Socket_Alarm(  682): registerHTCSocketMonitorCallBack
I/ActivityManager(  243): Start proc com.htc.taskmanager for broadcast com.htc.taskmanager/.BootCompletedReceiver: pid=715 uid=10025 gids={}
D/Socket_Alarm(  682): set mSocketMonitor
D/UploadService(  498): UpdateThread is looping keepService = false
D/Database(  692): dbopen(): path = /data/data/com.android.vending/databases/assets14.db, mode: wal, disk free size: 1094 M, handle: 0x3518d8
D/Database(  703): dbopen(): path = /data/data/com.android.updater/databases/fota.db, flag = 6, file size = 5120
D/Socket_Alarm(  682): HTCSocketMonitorImpl::HTCSocketMonitorImpl
V/UploadHelper(  498): frequency = 
V/UploadHelper(  498): network is not available
W/AutoUploadService(  498): wrong lastFrequencyStr: 
I/Database(  703): sqlite returned: error code = 0, msg = Recovered 5 frames from WAL file /data/data/com.android.updater/databases/fota.db-wal
D/Database(  703): dbopen(): path = /data/data/com.android.updater/databases/fota.db, mode: wal, disk free size: 1094 M, handle: 0x3444b0
V/WifiStateTracker(  243): DhcpHandler: DHCP request succeeded
D/WifiStateTracker(  243): DhcpHandler: release ddWakeLock
I/wpa_supplicant(  436): Rx Data Filter Add [5] command
I/wpa_supplicant(  436): auto ip disabled
D/WifiStateTracker(  243): change state to connected for wifi supplicant state=COMPLETED
I/wpa_supplicant(  436): Reset vh_switch_to_mobile_counter due to receive LINKSPEED cmd
I/ActivityManager(  243): Start proc com.htc.android.Stock for broadcast com.htc.android.Stock/.StockSyncReceiver: pid=727 uid=10012 gids={3003, 1006, 1015, 2001}
D/WifiStateTracker(  243): WiFi Offload: set mMobileNetworkType= UNKNOWN
I/AudioService(  243):  AudioFocus  abandonAudioFocus() from android.media.AudioManager@40532418
D/WifiStateTracker(  243): adding routing rule table=>wifi fromIp=all, toIp=all priority=3001
V/WifiStateTracker(  243): IP configuration: ipaddr 10.0.0.32 gateway 10.0.0.2 netmask 255.255.255.0 dns1 10.0.0.2 dns2 0.0.0.0 DHCP server 10.0.0.2 lease 86400 seconds
I/wpa_supplicant(  436): WiFi gateway: 0x 200000a
I/wpa_supplicant(  436): Gateway ADD OK, indicate to driver
I/ipd     (  135): IP CMD: /system/bin/ip ro flush table wifi
D/WifiWatchdogService(  243): (android.server.ServerThread) home508-ds (00:18:4d:61:60:92) does not require the watchdog
D/ConnectivityService(  243): [embedded] ConnectivityChange for WIFI: CONNECTED/CONNECTED, default=-1
V/ConnectivityService(  243): Policy requires mobile_dun teardown quickly
D/DataConnectionTracker(  375): disableApnType(dun)
D/DataConnectionTracker(  375): id 3 isn't Enable and UserIntention of APN isn't Enabled
D/DataConnectionTracker(  375): disableApnType(default)
D/DataConnectionTracker(  375): setEnabled(0, false) with old state = true and enabledCount = 1
V/NetworkStateTracker(  243): Setting TCP values: [4095,87380,110208,4096,16384,110208] which comes from [net.tcp.buffersize.wifi]
E/ConnectivityService(  243): Network declined teardown quickly request
V/ConnectivityService(  243): Policy requires mobile teardown quickly
I/TelephonyRegistry(  243): notifyDataConnection: state=0 isDataConnectivityPossible=false reason=dataDisabled interfaceName=null networkType=0
D/TelephonyRegistry(  243): notifyDataConnection() state=0isDataConnectivityPossible()false, reason=dataDisabled
D/TelephonyRegistry(  243): broadcastDataConnectionStateChanged()  state=DISCONNECTEDtypes=null, interfaceName=null
D/ConnectivityService(  243): adding dns 10.0.0.2 for WIFI
W/dalvikvm(  727): Refusing to reopen boot DEX '/system/framework/com.htc.framework.jar'
I/TelephonyRegistry(  243): notifyDataConnection: state=0 isDataConnectivityPossible=false reason=trySetupDataDenied interfaceName=null networkType=0
D/TelephonyRegistry(  243): notifyDataConnection() state=0isDataConnectivityPossible()false, reason=trySetupDataDenied
D/TelephonyRegistry(  243): broadcastDataConnectionStateChanged()  state=DISCONNECTEDtypes=null, interfaceName=null
D/Tethering(  243): Tethering got CONNECTIVITY_ACTION type: WIFI, subtype: , status: CONNECTED
D/Tethering(  243): MasterInitialState.processMessage what=3
D/WifiService(  243): type: WIFI, connected: true
D/WifiService(  243): [smart wifi] mSmartWiFiStatus: 0 mBatteryLevel: 68
D/LocationManagerService(  243): ConnectivityChange for WIFI:CONNECTED
D/GpsLocationProvider(  243): [handleMessage] message :4
D/GpsLocationProvider(  243): [handleMessage] UPDATE_NETWORK_STATE
I/ActivityThread(  727): Pub StockTabProvider: com.htc.android.Stock.StockTabProvider
D/GpsLocationProvider(  243): updateNetworkState available info: NetworkInfo: type: WIFI[], state: CONNECTED/CONNECTED, reason: (unspecified), extra: (none), roaming: false, failover: false, isAvailable: true, isIpv4Connected: false, isIpv6Connected: false, if: eth0
D/GpsLocationProvider(  243): mInjectNtpTimePending(TRUE): send message: INJECT_NTP_TIME 
D/GpsLocationProvider(  243): mDownloadXtraDataPending(FALSE)
D/ActivityThread(  727): Loading provider stockset: com.htc.android.Stock.SettingProvider
D/GpsLocationProvider(  243): [handleMessage] message :5
D/GpsLocationProvider(  243): [handleMessage] INJECT_NTP_TIME
D/SntpClient(  243): request time failed: java.net.UnknownHostException: north-america.pool.ntp.org
D/GpsLocationProvider(  243): requestTime failed
W/ResourceType(  385): Failure getting entry for 0x7f0900b5 (t=8 e=181) in package 0 (error -75)
W/Resources(  385): Converting to string: TypedValue{t=0x1/d=0x7f0900b5 a=-1 r=0x7f0900b5}
D/Database(  727): dbopen(): path = /data/data/com.htc.android.Stock/databases/stockset.db, flag = 6, file size = 4096
I/ipd     (  135): IP CMD: /system/bin/ip ro add 10.0.0.0/24 dev eth0 src 10.0.0.32 table wifi
I/wpa_supplicant(  436): Reset vh_switch_to_mobile_counter due to receive LINKSPEED cmd
I/ipd     (  135): IP CMD: /system/bin/ip ro add default via 10.0.0.2 dev eth0 table wifi
I/ipd     (  135): IP CMD: /system/bin/ip ru del from all to all table wifi prio 3001
I/ipd     (  135): IP CMD: /system/bin/ip ru add from all to all table wifi prio 3001
D/UploadService(  498): mUpload.size 0
D/UploadService(  498): set notification curActiveUpload = 0
D/UploadService(  498): keepService = false
D/UploadService(  498): UpdateThread is looping keepService = false
D/UploadService(  498): stop self
I/UploadService(  498): Service onDestroy
I/Database(  727): sqlite returned: error code = 0, msg = Recovered 4 frames from WAL file /data/data/com.htc.android.Stock/databases/stockset.db-wal
D/Database(  727): dbopen(): path = /data/data/com.htc.android.Stock/databases/stockset.db, mode: wal, disk free size: 1094 M, handle: 0x335d98
I//system/bin/fsck_msdos(  125): ** Phase 2 - Check Cluster Chains
D/dalvikvm(  692): GC_CONCURRENT freed 130K, 46% free 3079K/5639K, external 0K/0K, paused 2ms+9ms
I/ActivityManager(  243): Start proc com.htc.showme for broadcast com.htc.showme/.sync.SyncReceiver: pid=745 uid=10031 gids={3003, 1015}
D/vending (  692): [10] LocalAssetDatabase.syncWithPackageManager(): No INSTALLING or UNINSTALLING assets.
I/ActivityThread(  745): Pub com.htc.showme.ui: com.htc.showme.ui.MainPageProvider
I/ActivityThread(  745): Pub com.htc.showme: com.htc.showme.provider.Provider
D/HtcCdmaFeatureReceiver(  441): OoO onReceiveIntent android.intent.action.BOOT_COMPLETED
I/PackageManager(  243):  setEnabledSetting(), pkgName=com.android.stk, clsName=com.android.stk.StkLauncherActivity, state=2, flag=1, pid=375, uid=1001
I/QXDM2SD:lib(  375): JNI_OnLoad(): library version = 1
I/QXDM2SD:lib(  375): JNI_OnLoad(): result = 0x10004
D/QXDM2SD:BootCompleteReceiver(  375): onReceive(): boot complete!! tool version: 2.3-gingerbread-GRI40
I/ActivityManager(  243): Start proc com.htc.opensense for broadcast com.htc.opensense/.pluginmanager.RegisterReceiver: pid=754 uid=10012 gids={3003, 1006, 1015, 2001}
D/FxScreen(  385): setBackPanelMode: 2
D/FxScreen(  385): setBackPanelMode: 2
D/FxScreen(  385): setBackPanelMode: 2
D/FxScreen(  385): setBackPanelMode: 2
D/FxScreen(  385): setBackPanelMode: 2
D/FxScreen(  385): setBackPanelMode: 2
D/FxScreen(  385): setBackPanelMode: 2
I/RegisterService(  754): android.intent.action.BOOT_COMPLETED null
D/QXDM2SD:BootCompleteReceiver(  375): MSG_INIT_BEGIN: begin
E/QXDM2SD:conf(  375): /data/data/com.htc.android.qxdm2sd/data/qxdm2sd.conf: No such file or directory
D/QXDM2SD:Device(  375): writeAttrFile: /data/data/com.htc.android.qxdm2sd/data/.debug: 
D/vending (  692): [10] LocalDbSyncService.run(): Syncing done.
D/QXDM2SD:Device(  375): readAttrFile: /data/data/com.htc.android.qxdm2sd/data/.version: 2.3-gingerbread-GRI40
D/Database(  385): dbopen(): path = /data/data/com.htc.launcher/databases/launcher.db, flag = 6, file size = 60416
D/QXDM2SD:BootCompleteReceiver(  375): MSG_INIT_BEGIN: end
D/dalvikvm(  692): GC_CONCURRENT freed 27K, 42% free 3506K/6023K, external 0K/0K, paused 2ms+2ms
D/PVWmdrmServiceManager(  522): Start
D/PVWmdrmService(  522): onStartCommand of Java PVWmdrmService ... 
D/PVWmdrmServiceManager(  522): Start
I/Database(  385): sqlite returned: error code = 0, msg = Recovered 54 frames from WAL file /data/data/com.htc.launcher/databases/launcher.db-wal
I/ActivityManager(  243): Start proc com.pv.wmdrmproxy for service com.pv.wmdrmproxy/.PVWmdrmProxy: pid=763 uid=1000 gids={3002, 3001, 3003, 2001, 1015, 1007}
D/Database(  385): dbopen(): path = /data/data/com.htc.launcher/databases/launcher.db, mode: wal, disk free size: 1094 M, handle: 0x5a8810
D/PSBootEventReceiver(  462): Start Connect_to_PC service.
D/ConnectToPCService(  462): --onCreate()
D/ConnectToPCService(  462): --new MediaReceiver()
D/ConnectToPCService(  462): --register MediaReceiver
D/ConnectToPCService(  462): --new HDMIReceiver()
D/MyReportAgent(  529): ReportService [##] onStartCommand(), flags = 2, startId = 2, intent = Intent { act=com.htc.reportagent.action.BOOT_COMPLETE cmp=com.htc.reportagent/.ReportService }, this = com.htc.reportagent.ReportService@405215f0
D/MyReportAgent(  529): ReportServiceHandler on boot complete event 
D/ConnectToPCService(  462): --register HDMIReceiver
I/ActivityManager(  243): Start proc com.android.mms for broadcast com.android.mms/.transaction.MmsSystemEventReceiver: pid=773 uid=10044 gids={3003, 1015}
W/dalvikvm(  773): Refusing to reopen boot DEX '/system/framework/com.htc.android.pimlib.jar'
D/PSBootEventReceiver(  462): ADB Enable = true
D/PSBootEventReceiver(  462): ADB StartByMe = false
I/ActivityThread(  773): Pub com.android.mms.SuggestionsProvider: com.android.mms.SuggestionsProvider
I/ActivityThread(  773): Pub htc-messages: com.android.mms.util.GenericMessagesProvider
I/ActivityThread(  773): Pub wappush: com.android.mms.push.PushMessagesProvider
D/HomeLoaders(  385): loading user items
D/HomeLoaders(  385):   --> starting workspace loader
D/RosieDbDebug(  385): startLoaders(false)
D/ATRecorder(  385): com.htc.autotest.dlib.RecordEngine in loader dalvik.system.DexClassLoader@406b6188
D/Database(  385): dbopen(): path = /data/data/com.htc.launcher/databases/carousel.db, flag = 6, file size = 12288
I/CarouselTimeLog(  385): onStart() finish: 1310900271088
D/Database(  385): dbopen(): path = /data/data/com.htc.launcher/databases/carousel.db, mode: wal, disk free size: 1094 M, handle: 0x668880
D/Socket_Alarm(  529): registerHTCSocketMonitorCallBack
D/Socket_Alarm(  529): set mSocketMonitor
D/Database(  462): dbopen(): path = /data/data/com.htc.opensense/databases/registry.db, flag = 6, file size = 22528
D/Socket_Alarm(  529): HTCSocketMonitorImpl::HTCSocketMonitorImpl
D/dalvikvm(  385): GetFieldID: unable to find field Ljava/util/Hashtable;.loadFactor:F
D/dalvikvm(  385): GC_CONCURRENT freed 1076K, 51% free 3399K/6855K, external 6301K/7294K, paused 3ms+3ms
W/Resources(  773): Converting to string: TypedValue{t=0x10/d=0x1 a=-1}
I/dalvikvm(  416): Total arena pages for JIT: 11
D/HomeLoaders(  385): Remove temporary ItemInfo : screen < 0 OR cellX < 0 OR cellY < 0 
I/Database(  462): sqlite returned: error code = 0, msg = Recovered 23 frames from WAL file /data/data/com.htc.opensense/databases/registry.db-wal
D/Database(  462): dbopen(): path = /data/data/com.htc.opensense/databases/registry.db, mode: wal, disk free size: 1094 M, handle: 0x54e130
D/ReportIndicatorCache(  773): startAsyncQueryReports ---
D/ReportIndicatorCache(  773): MSG_QUERY_REPORTS >>
I/Messaging(  773): mccmnc> 
V/MmsSystemEventReceiver(  773): Intent received: Intent { act=android.intent.action.BOOT_COMPLETED cmp=com.android.mms/.transaction.MmsSystemEventReceiver }
D/Jerry   (  773): preload layout >>>>
D/ReportIndicatorCache(  773): cursor size >1
D/MmsAsyncWorkHandler(  773): 
D/MmsAsyncWorkHandler(  773): handleMessage token = 1
D/Jerry   (  375): URI_DRAFT
I/ActivityManager(  243): Start proc com.htc.RosieUtility for content provider com.htc.AddProgramWidget/.fusionwidget.FxWidgetProvider: pid=792 uid=10085 gids={3003, 2001, 1015}
D/dalvikvm(  773): GC_CONCURRENT freed 212K, 48% free 2960K/5639K, external 0K/0K, paused 2ms+2ms
D/ExchangePolicystatus(  773): onReceive()
D/ExchangePolicystatus(  773): onReceive(): ACTION_BOOT_COMPLETED
D/dalvikvm(  773): GC_EXTERNAL_ALLOC freed 9K, 48% free 2964K/5639K, external 0K/0K, paused 28ms
D/MessageUtils(  773): Text messaging allow status = allow
D/Messaging(  773): EAS allow SMS !!!
D/ExchangePolicystatus(  773): onReceive(): get [Intent { act=android.intent.action.BOOT_COMPLETED cmp=com.android.mms/.PolicyReceiver }]
D/Messaging(  773): EAS allow SMS !!!
I/ActivityThread(  792): Pub com.htc.AddProgramWidget.fusionwidget.FxWidgetProvider: com.htc.AddProgramWidget.fusionwidget.FxWidgetProvider
E/MediaScannerService(  619): Failed to delete file /data/data/com.android.providers.media/pause_scan
I/ActivityManager(  243): Start proc com.google.android.apps.maps:FriendService for broadcast com.google.android.apps.maps/com.google.googlenav.friend.android.ServiceReceiver: pid=802 uid=10048 gids={3003, 1015}
D/MsgForwardHelper(  773): updateMessageForwardIndicator(): false
D/ContactMessageStore(  375): clearContact1Table() <<<
D/MsgForwardHelper(  773): updateMessageForwardIndicator(): false
D/MediaScannerService(  619): start scanning volume internal
D/dalvikvm(  802): GC_CONCURRENT freed 142K, 46% free 3067K/5639K, external 0K/0K, paused 2ms+2ms
V/SmsReceiverService(  773): onStart: #1
V/SmsReceiverService(  773): action: android.intent.action.BOOT_COMPLETED
D/MediaProvider(  619): lock thumbnail worker
D/MediaProvider(  619): thread is un-locked
D/MediaProvider(  619): lock thumbnail worker
V/SmsReceiverService(  773): handleBootCompleted
V/MmsSystemEventReceiver(  773): TransactionService is going to be woken up.
V/TransactionService(  773): 1-Creating TransactionService
I/RosieUtility(  792): cancel self killer
I/RosieUtility(  792): disable self killer: mEnabled=1
D/Database(  792): dbopen(): path = /data/data/com.htc.AddProgramWidget/databases/fxwidget.db, flag = 6, file size = 23552
D/ContactMessageStore(  375): delete/insert time: 273
D/ContactMessageStore(  375): insertContactsTable() <<
D/ContactMessageStore(  375): end time: 30793(732)
I/Database(  792): sqlite returned: error code = 0, msg = Recovered 23 frames from WAL file /data/data/com.htc.AddProgramWidget/databases/fxwidget.db-wal
D/Database(  792): dbopen(): path = /data/data/com.htc.AddProgramWidget/databases/fxwidget.db, mode: wal, disk free size: 1094 M, handle: 0x340590
D/dalvikvm(  773): GC_EXTERNAL_ALLOC freed 203K, 48% free 3021K/5767K, external 522K/528K, paused 29ms
D/MmsAsyncWorkHandler(  773): 
D/MmsAsyncWorkHandler(  773): handleMessage token = 2
D/SmsReceiverService(  773): OutBoxSize = 0
D/FxWidgetProvider(  792): row 1
I/RosieUtility(  792): enable self killer: mEnabled=0
I/RosieUtility(  792): disable self killer: mEnabled=1
D/FxWidgetProvider(  792): row 1
I/RosieUtility(  792): enable self killer: mEnabled=0
D/HomeLoaders(  385):   --> starting applications loader
D/Socket_Alarm(  802): registerHTCSocketMonitorCallBack
D/Socket_Alarm(  802): set mSocketMonitor
D/Socket_Alarm(  802): HTCSocketMonitorImpl::HTCSocketMonitorImpl
I/RegisterService(  754): Notify Carousel that a new TabPlugin has been installed!
D/dalvikvm(  243): GC_CONCURRENT freed 1921K, 36% free 8100K/12487K, external 4069K/5082K, paused 7ms+8ms
D/PendingMsgSendReceiverRegister(  773): mRegister is null
D/PendingMsgSendReceiverRegister(  773): register >>>>>>>>>>
D/ContactMessageStore(  375): notify MmsSms
D/dalvikvm(  802): GC_CONCURRENT freed 107K, 43% free 3467K/6023K, external 0K/0K, paused 2ms+3ms
V/TransactionService(  773): 4-Handling incoming message: { what=2 when=-194ms arg1=1 }
D/PendingMsgSendReceiverRegister(  773): start to register receiver
V/TransactionService(  773): Loading previous transactions.
I/ActivityManager(  243): Start proc com.google.android.apps.maps:NetworkLocationService for service com.google.android.apps.maps/com.google.android.location.internal.server.NetworkLocationService: pid=816 uid=10048 gids={3003, 1015}
I/PackageManager(  243):  setEnabledSetting(), pkgName=com.google.android.apps.maps, clsName=com.google.android.maps.driveabout.app.DestinationActivity, state=1, flag=1, pid=802, uid=10048
D/dalvikvm(  129): GC_EXPLICIT freed 12K, 50% free 2704K/5379K, external 0K/0K, paused 34ms
D/dalvikvm(  129): GC_EXPLICIT freed <1K, 50% free 2704K/5379K, external 0K/0K, paused 22ms
D/CarouselWidget(  385): onLayout()
D/dalvikvm(  129): GC_EXPLICIT freed <1K, 50% free 2704K/5379K, external 0K/0K, paused 25ms
D/dalvikvm(  823): Mail will have a 40MB heap
I/ActivityManager(  243): Start proc com.htc.android.mail for broadcast com.htc.android.mail/.ulog.MULogReceiver: pid=823 uid=9997 gids={3003, 1015}
D/PendingMsgSendReceiverRegister(  773): New state: 2
W/dalvikvm(  823): Refusing to reopen boot DEX '/system/framework/com.htc.framework.jar'
W/dalvikvm(  823): Refusing to reopen boot DEX '/system/framework/com.htc.android.pimlib.jar'
W/dalvikvm(  823): Refusing to reopen boot DEX '/system/framework/com.htc.android.easopen.jar'
D/dalvikvm(  816): GC_CONCURRENT freed 143K, 46% free 3067K/5639K, external 0K/0K, paused 2ms+2ms
I/ActivityThread(  823): Pub com.htc.android.mail.attachmentprovider: com.htc.android.mail.provider.AttachmentProvider
D/Jerry   (  375): URI_DRAFT
D/MediaScannerService(  619): getDefaultLocale =en_GB
D/InternalNlpService(  816): onCreate
D/NetworkLocationServiceThread(  816): start monitoring enabled
D/PendingMsgSendReceiverRegister(  773): mWorkingHandler new sesult: Handler{40576e48}
D/PendingMsgSendReceiverRegister(  773): register <<<<<<<
D/NetworkLocationServiceThread(  816): updateState
D/NetworkLocationServiceThread(  816): Creating RealOs
D/Database(  619): dbopen(): path = /data/data/com.android.providers.media/databases/internal.db, flag = 6, file size = 96256
D/ContactMessageStore(  375): MSG_REGISTER_CONTENT_OBSERVER >>
D/Socket_Alarm(  816): registerHTCSocketMonitorCallBack
D/Socket_Alarm(  816): set mSocketMonitor
V/TransactionService(  773): stopSelfIfIdle: unRegisterForConnectionStateChanges
I/ActivityThread(  823): Pub com.htc.android.mail.MailCarousel: com.htc.android.mail.MailCarousel
D/MmsSystemEventReceiver(  773): unRegisterForConnectionStateChanges
I/ActivityThread(  823): Pub mail: com.htc.android.mail.MailProvider
V/TransactionService(  773): Destroying TransactionService
D/Jerry   (  773): preload layout <<<<
D/Socket_Alarm(  816): HTCSocketMonitorImpl::HTCSocketMonitorImpl
V/TransactionService(  773): 4-Handling incoming message: { what=100 when=-6ms }
I/ActivityThread(  823): Pub htceas: com.htc.android.mail.eassvc.core.EASProvider
D/SpaceBufferUtil(  773): > createBufferFile()
D/SpaceBufferUtil(  773): bufferFile: /data/data/com.android.mms/bufferFileForMms
D/SpaceBufferUtil(  773): < createBufferFile()
D/ContactMessageStore(  375): MSG_REGISTER_CONTENT_OBSERVER <<
I/Database(  619): sqlite returned: error code = 0, msg = Recovered 94 frames from WAL file /data/data/com.android.providers.media/databases/internal.db-wal
I/ActivityManager(  243): Start proc com.htc.streamplayer for broadcast com.htc.streamplayer/.MMPlayerReceiver: pid=836 uid=10059 gids={3003}
I/RegisterService(  754): Notify Carousel that a new TabPlugin has been installed!
D/Database(  823): dbopen(): path = /data/data/com.htc.android.mail/databases/mail.db, flag = 6, file size = 63488
I/Database(  823): sqlite returned: error code = 0, msg = Recovered 62 frames from WAL file /data/data/com.htc.android.mail/databases/mail.db-wal
I/ActivityManager(  243): Start proc com.htc.sdm for broadcast com.htc.sdm/.receiver.SDMReceiver: pid=848 uid=10060 gids={3003, 2001, 1015}
D/TwidroidBootService(  498): onBoot
I/ActivityThread(  848): Pub com.htc.sdm.provider.SDMProvider: com.htc.sdm.provider.SDMProvider
D/szipinf (  816): Initializing inflate state
D/szipinf (  816): Initializing zlib to inflate
D/Database(  848): dbopen(): path = /data/data/com.htc.sdm/databases/sdm.db, flag = 6, file size = 22528
D/Database(  619): dbopen(): path = /data/data/com.android.providers.media/databases/internal.db, mode: wal, disk free size: 1094 M, handle: 0x3a6150
I/Database(  848): sqlite returned: error code = 0, msg = Recovered 22 frames from WAL file /data/data/com.htc.sdm/databases/sdm.db-wal
D/Database(  848): dbopen(): path = /data/data/com.htc.sdm/databases/sdm.db, mode: wal, disk free size: 1094 M, handle: 0x3353b0
I/ActivityManager(  243): Start proc com.htc.sdm:remote for service com.htc.sdm/.service.SDMService: pid=855 uid=10060 gids={3003, 2001, 1015}
I/ActivityManager(  243): Start proc com.htc.resetnotify for broadcast com.htc.resetnotify/.BootCompleteReceiver: pid=860 uid=10063 gids={1007}
D/dalvikvm(  462): GC_CONCURRENT freed 194K, 47% free 3135K/5831K, external 3425K/4068K, paused 2ms+2ms
D/ResetNotifyBootCompleteReceiver(  860): Receive bootcomplete intent
D/ResetNotifyService(  860): onStartCommand com.htc.resetnotify.resetnotifyservice
I/ActivityManager(  243): Start proc com.htc.recommend for broadcast com.htc.recommend/.receiver.AppInstalledReceiver: pid=870 uid=10064 gids={2001, 3003}
I/ActivityThread(  870): Pub com.htc.recommend.provider.HTCRecommendCarouselProvider: com.htc.recommend.provider.HTCRecommendCarouselProvider
D/Database(  823): dbopen(): path = /data/data/com.htc.android.mail/databases/mail.db, mode: wal, disk free size: 1094 M, handle: 0x34b5d8
I/ActivityThread(  870): Pub com.htc.recommend.provider.HTCRecommendContentProvider: com.htc.recommend.provider.HTCRecommendContentProvider
D/Database(  870): dbopen(): path = /data/data/com.htc.recommend/databases/htcrecommend.db, flag = 6, file size = 13312
I/Database(  870): sqlite returned: error code = 0, msg = Recovered 17 frames from WAL file /data/data/com.htc.recommend/databases/htcrecommend.db-wal
D/Database(  870): dbopen(): path = /data/data/com.htc.recommend/databases/htcrecommend.db, mode: wal, disk free size: 1094 M, handle: 0x337350
D/Database(  498): dbopen(): path = /data/data/com.htc.htctwitter/databases/htcchirp.db, flag = 6, file size = 17408
D/FxScreen(  385): item count: 1
D/dalvikvm(  860): GC_FOR_MALLOC freed 152K, 49% free 2840K/5511K, external 0K/0K, paused 60ms
D/Utilities(  385): createIconThumbnail # iconWidth: 72,iconHeight: 72,width: 72,height: 72
D/dalvikvm(  816): GC_CONCURRENT freed 151K, 44% free 3432K/6023K, external 0K/0K, paused 16ms+14ms
I//system/bin/fsck_msdos(  125): ** Phase 3 - Checking Directories
D/dalvikvm(  860): GC_FOR_MALLOC freed 126K, 49% free 2968K/5767K, external 0K/0K, paused 31ms
I/dalvikvm-heap(  860): Grow heap (frag case) to 5.768MB for 522256-byte allocation
D/dalvikvm(  860): GC_FOR_MALLOC freed 0K, 45% free 3478K/6279K, external 0K/0K, paused 15ms
I/ActivityThread(  870): Pub com.htc.recommend.provider.HTCRecommendSuggestionProvider: com.htc.recommend.provider.HTCRecommendSuggestionProvider
I/ActivityManager(  243): Start proc com.htc.music for broadcast com.htc.music/.MediaButtonIntentReceiver: pid=878 uid=10066 gids={3003, 1015, 3002}
D/dalvikvm(  416): GC_CONCURRENT freed 359K, 48% free 3113K/5959K, external 0K/0K, paused 2ms+2ms
D/FxScreen(  385): item count: 2
I/ActivityThread(  878): Pub com.htc.music.util.MusicCarouselProvider: com.htc.music.util.MusicCarouselProvider
D/dalvikvm(  860): GC_CONCURRENT freed 262K, 49% free 3215K/6279K, external 0K/0K, paused 2ms+2ms
D/dalvikvm(  860): GC_FOR_MALLOC freed <1K, 49% free 3215K/6279K, external 0K/0K, paused 15ms
I/dalvikvm-heap(  860): Grow heap (frag case) to 6.518MB for 1046544-byte allocation
I/RegisterService(  754): Notify Carousel that a new TabPlugin has been installed!
I/Database(  498): sqlite returned: error code = 0, msg = Recovered 17 frames from WAL file /data/data/com.htc.htctwitter/databases/htcchirp.db-wal
I/AudioService(  243):   Remote Control   registerMediaButtonEventReceiver() for ComponentInfo{com.htc.music/com.htc.music.MediaButtonIntentReceiver}
V/htcMessageUploader(  564): [UploadMessageReceiver] UploadMessageReceiver() constructor !!!
I/htcMessageUploader(  564): Start thread to upload fota event message:com.htc.htcMessageUploader.UploadMessageReceiver
D/htcMessageUploader(  564): Total time in main thread:1 milli-seconds
I/htcMessageUploader(  564): == UploadMessageReceiver finished ==
I/ActivityManager(  243): Start proc com.htc.laputa.HtcLaputaInstaller for broadcast com.htc.laputa.HtcLaputaInstaller/.HLIReceiver: pid=886 uid=10074 gids={3003, 2001, 1015}
I/RegisterService(  754): Notify Carousel that a new TabPlugin has been installed!
W/dalvikvm(  886): Refusing to reopen boot DEX '/system/framework/com.htc.framework.jar'
D/dalvikvm(  860): GC_CONCURRENT freed <1K, 42% free 4236K/7303K, external 0K/0K, paused 2ms+1ms
D/dalvikvm(  860): GC_FOR_MALLOC freed 510K, 49% free 3726K/7303K, external 0K/0K, paused 14ms
I/dalvikvm-heap(  860): Grow heap (frag case) to 6.531MB for 535220-byte allocation
D/Utilities(  385): createIconThumbnail # iconWidth: 72,iconHeight: 72,width: 72,height: 72
I/HtcLaputaInstaller(  886): HLIReceiver::onReceive(): android.intent.action.BOOT_COMPLETED ##########################
I/HtcLaputaInstaller(  886): HLIReceiver::onReceive(): Received ACTION_BOOT_COMPLETED
I/HtcLaputaInstaller(  886): HLIReceiver::onReceive(): leaving ##########################
I/HtcLaputaInstaller(  886): HLIService::onCreate()
I/HtcLaputaInstaller(  886): HLIService::addReference(): Total Count = 1, Reason = 1 / onCreate
I/ActivityManager(  243): Start proc com.htc.googlereader for broadcast com.htc.googlereader/.background.BackgroundReceiver: pid=893 uid=9994 gids={3003, 1015}
I/HtcLaputaInstaller(  886): HLIServiceUtil::Init(): DATAPATH = /mnt/sdcard/.data/navigator
I/HtcLaputaInstaller(  886): HLIService::loadCustomizationStatus(): (true, true, false, true, false, false, true)
I/HtcLaputaInstaller(  886): HLIService::initAfterCustomization()
I/HtcLaputaInstaller(  886): >> DownloadsChangeObserver::readDownloadStatus()
I/HtcLaputaInstaller(  886): HLIServiceUtil::GetDataPathIfAvailable(): DATAPATH = /mnt/sdcard/.data/navigator
W/HtcLaputaInstaller(  886): HLIServiceUtil::GetDataPathIfAvailable(): SD card is not ready (checking)
W/HtcLaputaInstaller(  886): HtcLaputaInstallerUtil::IsR66ResourceFileExist(): DataPath is not available
I/HtcLaputaInstaller(  886): HLIService::initAfterCustomization(): Status = STANDBY
W/HtcLaputaInstaller(  886): HLIService::onCreate(): Never received customization event!!!
I/HtcLaputaInstaller(  886): HLIService::deleteReference(): Total Count = 0, Reason = 0 / onCreate
I/HtcLaputaInstaller(  886): HLIService::deleteReference(): Post delay-stop-service
I/HtcLaputaInstaller(  886): HLIService::onStartCommand()
I/HtcLaputaInstaller(  886): HLIService::addReference(): Total Count = 1, Reason = 1 / onStartCommand
I/HtcLaputaInstaller(  886): HLIService::onStartCommand(): Boot Completed
I/HtcLaputaInstaller(  886): HLIService::onBootCompleted()
I/HtcLaputaInstaller(  886): HLIService::addReference(): Total Count = 2, Reason = 1 / com.htc.laputa.HtcLaputaInstaller.HLIService.Action_BootCompleted
I/HtcLaputaInstaller(  886): HLIService::doCustomizationAfterBoot()
I/HtcLaputaInstaller(  886): HLIService::initAfterCustomization()
I/HtcLaputaInstaller(  886): >> DownloadsChangeObserver::readDownloadStatus()
I/HtcLaputaInstaller(  886): HLIServiceUtil::GetDataPathIfAvailable(): DATAPATH = /mnt/sdcard/.data/navigator
W/HtcLaputaInstaller(  886): HLIServiceUtil::GetDataPathIfAvailable(): SD card is not ready (checking)
W/HtcLaputaInstaller(  886): HtcLaputaInstallerUtil::IsR66ResourceFileExist(): DataPath is not available
I/HtcLaputaInstaller(  886): HLIService::initAfterCustomization(): Status = STANDBY
I/HtcLaputaInstaller(  886): HLIService::saveCustomizationStatus(): (true, true, false, true, false, false, true)
I/HtcLaputaInstaller(  886): HLIService::checkCustomizationStatus(): (true, true, false, true, false, false, true)
I/HtcLaputaInstaller(  886): HLIServiceUtil::GetDataPathIfAvailable(): DATAPATH = /mnt/sdcard/.data/navigator
W/HtcLaputaInstaller(  886): HLIServiceUtil::GetDataPathIfAvailable(): SD card is not ready (checking)
W/HtcLaputaInstaller(  886): HtcLaputaInstallerUtil::IsR66ResourceFileExist(): DataPath is not available
I/HtcLaputaInstaller(  886): HLIService::CheckCustomizationStatus(): Skip customization because Laputa not ready yet.
W/HtcLaputaInstaller(  886): HLIService::deleteReference(): Reason count of com.htc.laputa.HtcLaputaInstaller.HLIService.Action_CustomizationChanged is 0!!!
I/HtcLaputaInstaller(  886): HLIService::deleteReference(): Total Count = 1, Reason = 0 / com.htc.laputa.HtcLaputaInstaller.HLIService.Action_BootCompleted
I/HtcLaputaInstaller(  886): HLIService::deleteReference(): Total Count = 0, Reason = 0 / onStartCommand
I/HtcLaputaInstaller(  886): HLIService::deleteReference(): Post delay-stop-service
I/ActivityThread(  893): Pub com.htc.googlereader: com.htc.googlereader.db.ReaderProvider
D/dalvikvm(  860): GC_FOR_MALLOC freed 0K, 42% free 4249K/7303K, external 0K/0K, paused 82ms
D/FxScreen(  385): item count: 3
D/ReaderProvider(  893): onCreate()
I/ActivityThread(  893): Pub com.htc.ReaderCarouselProvider: com.htc.googlereader.db.ReaderCarouselProvider
I/ActivityThread(  893): Pub com.htc.googlereader.search: com.htc.googlereader.db.SearchHistoryProvider
D/SearchHistoryProvider(  893): onCreate()
D/BackgroundReceiver(  893): onReceive android.intent.action.BOOT_COMPLETED
D/Database(  893): dbopen(): path = /data/data/com.htc.googlereader/databases/greader.db, flag = 6, file size = 33792
I/Database(  893): sqlite returned: error code = 0, msg = Recovered 33 frames from WAL file /data/data/com.htc.googlereader/databases/greader.db-wal
D/Utilities(  385): createIconThumbnail # iconWidth: 72,iconHeight: 72,width: 72,height: 72
D/Database(  498): dbopen(): path = /data/data/com.htc.htctwitter/databases/htcchirp.db, mode: wal, disk free size: 1094 M, handle: 0x43fc18
D/Database(  893): dbopen(): path = /data/data/com.htc.googlereader/databases/greader.db, mode: wal, disk free size: 1094 M, handle: 0x34c520
D/BackgroundReceiver(  893): scheduleSync()
D/dalvikvm(  860): GC_CONCURRENT freed 0K, 42% free 4249K/7303K, external 0K/0K, paused 2ms+16ms
D/ReaderDBUtil(  893): getSelectedAccount
D/BackgroundReceiver(  893): scheduleSync() triggerAtTime=332315 interval=1440
D/Socket_Alarm(  893): registerHTCSocketMonitorCallBack
D/Socket_Alarm(  893): set mSocketMonitor
D/Socket_Alarm(  893): HTCSocketMonitorImpl::HTCSocketMonitorImpl
I/ActivityManager(  243): Start proc com.htc.fm for broadcast com.htc.fm/.FMReceiver: pid=901 uid=10078 gids={3003, 1015}
I//system/bin/fsck_msdos(  125): ** Phase 4 - Checking for Lost Files
D/dalvikvm(  860): GC_FOR_MALLOC freed <1K, 42% free 4249K/7303K, external 0K/0K, paused 18ms
D/FxScreen(  385): item count: 4
I/dalvikvm-heap(  860): Grow heap (frag case) to 7.551MB for 1070424-byte allocation
D/dalvikvm(  385): GetFieldID: unable to find field Ljava/util/Hashtable;.loadFactor:F
D/dalvikvm(  860): GC_FOR_MALLOC freed 0K, 37% free 5295K/8391K, external 0K/0K, paused 39ms
D/FMReceiver(  901): [FMReceiver] Action(android.intent.action.BOOT_COMPLETED)
I/ActivityManager(  243): Start proc com.htc.wotaproviders for broadcast com.htc.wotaproviders/.receiver.MyDownloadsReceiver: pid=908 uid=10079 gids={3003, 2001, 1015}
I/wpa_supplicant(  436): Reset vh_switch_to_mobile_counter due to receive LINKSPEED cmd
D/dalvikvm(  129): GC_EXPLICIT freed 12K, 50% free 2704K/5379K, external 0K/0K, paused 41ms
I/ActivityThread(  908): Pub com.htc.wotaproviders.MyDownloadsProvider: com.htc.wotaproviders.MyDownloadsProvider
D/dalvikvm(  129): GC_EXPLICIT freed <1K, 50% free 2704K/5379K, external 0K/0K, paused 50ms
D/dalvikvm(  129): GC_EXPLICIT freed <1K, 50% free 2704K/5379K, external 0K/0K, paused 27ms
I/ActivityManager(  243): Start proc com.htc.wdm for broadcast com.htc.wdm/.receiver.DownloadReceiver: pid=916 uid=1000 gids={3002, 3001, 3003, 2001, 1015, 1007}
D/dalvikvm(  860): GC_CONCURRENT freed <1K, 37% free 5295K/8391K, external 0K/0K, paused 2ms+4ms
I/ActivityThread(  916): Pub com.htc.wdm.provider.HtcDirectCarouselProvider: com.htc.wdm.provider.HtcDirectCarouselProvider
D/dalvikvm(  860): GC_FOR_MALLOC freed <1K, 37% free 5295K/8391K, external 0K/0K, paused 18ms
I/dalvikvm-heap(  860): Grow heap (frag case) to 8.062MB for 535220-byte allocation
I/ActivityThread(  916): Pub com.htc.wdm.status.HtcDirectProvider: com.htc.wdm.status.HtcDirectProvider
I/RosieUtility(  792): disable self killer: mEnabled=1
I/RosieUtility(  792): enable self killer: mEnabled=0
D/dalvikvm(  860): GC_FOR_MALLOC freed 0K, 36% free 5817K/8967K, external 0K/0K, paused 42ms
I/RosieUtility(  792): disable self killer: mEnabled=1
D/HtcWidgetScanner(  792): packageUid - -1
W/ActivityThread(  522): ClassLoader.loadClass: The class loader returned by Thread.getContextClassLoader() may fail for processes that host multiple applications. You should explicitly specify a context class loader. For example: Thread.setContextClassLoader(getClass().getClassLoader());
D/HtcWidgetScanner(  792): initialized(SharedPreference) ? true
D/dalvikvm(  860): GC_FOR_MALLOC freed 1045K, 47% free 4772K/8967K, external 0K/0K, paused 37ms
I/dalvikvm-heap(  860): Grow heap (frag case) to 9.083MB for 2140832-byte allocation
V/update.Download(  416): deleting all update downloads
V/HtcAppUsageStats(  243): handleMessage msg=1
V/HtcAppUsageStats(  243): (launch app, package): (Google Services Framework, com.google.android.gsf)
D/UsbConnectionSettings(  462): -onPause()
I/ActivityManager(  243): Starting activity: Intent { flg=0x10000000 cmp=com.google.android.gsf/.update.SystemUpdateInstallDialog } from pid 416
D/HtcWidgetScanner(  792): count - 2
I/RosieUtility(  792): enable self killer: mEnabled=0
D/dalvikvm(  816): GC_CONCURRENT freed 163K, 41% free 3799K/6407K, external 0K/0K, paused 3ms+32ms
I/CheckinService(  416): Preparing to send checkin request
I/EventLogService(  416): Accumulating logs since 1310898596734
I/ActivityManager(  243): Start proc com.google.android.partnersetup for broadcast com.google.android.partnersetup/.GooglePartnerSetup: pid=927 uid=10091 gids={}
D/dalvikvm(  860): GC_FOR_MALLOC freed 0K, 39% free 6863K/11079K, external 0K/0K, paused 23ms
D/ATRecorder(  416): com.htc.autotest.dlib.RecordEngine in loader dalvik.system.DexClassLoader@405dccf8
D/FlickrReceiver(  498): on boot complete
D/dalvikvm(  416): GC_CONCURRENT freed 379K, 48% free 3172K/6023K, external 0K/0K, paused 2ms+3ms
I/ActivityManager(  243): Start proc com.htc.ereader.drmengine for broadcast com.htc.ereader/.drmengine.DRMDownloadReceiver: pid=940 uid=9995 gids={3003, 1015, 2001, 1003}
D/dalvikvm(  940): Ereader will have a 48MB heap
D/Database(  416): dbopen(): path = /data/data/com.google.android.gsf/databases/gls.db, flag = 6, file size = 5120
D/Database(  416): dbopen(): path = /data/data/com.google.android.gsf/databases/gls.db, mode: wal, disk free size: 1094 M, handle: 0x42e150
D/Utilities(  385): createIconThumbnail # iconWidth: 72,iconHeight: 72,width: 72,height: 72
D/Database(  416): dbclose(): path = /data/data/com.google.android.gsf/databases/gls.db, handle = 0x42e150
D/Utilities(  385): createIconThumbnail # iconWidth: 72,iconHeight: 72,width: 72,height: 72
D/Utilities(  385): createIconThumbnail # iconWidth: 72,iconHeight: 72,width: 72,height: 72
W/MessageQueue(  577): Handler{40560050} sending message to a Handler on a dead thread
W/MessageQueue(  577): java.lang.RuntimeException: Handler{40560050} sending message to a Handler on a dead thread
W/MessageQueue(  577): 	at android.os.MessageQueue.enqueueMessage(MessageQueue.java:196)
W/MessageQueue(  577): 	at android.os.Handler.sendMessageAtTime(Handler.java:457)
W/MessageQueue(  577): 	at android.os.Handler.sendMessageDelayed(Handler.java:430)
W/MessageQueue(  577): 	at android.os.Handler.post(Handler.java:248)
W/MessageQueue(  577): 	at android.accounts.AccountManager$BaseFutureTask.postRunnableToHandler(AccountManager.java:1309)
W/MessageQueue(  577): 	at android.accounts.AccountManager$Future2Task.done(AccountManager.java:1357)
W/MessageQueue(  577): 	at java.util.concurrent.FutureTask$Sync.innerSet(FutureTask.java:253)
W/MessageQueue(  577): 	at java.util.concurrent.FutureTask.set(FutureTask.java:113)
W/MessageQueue(  577): 	at android.accounts.AccountManager$BaseFutureTask.access$700(AccountManager.java:1289)
W/MessageQueue(  577): 	at android.accounts.AccountManager$BaseFutureTask$Response.onResult(AccountManager.java:1327)
W/MessageQueue(  577): 	at android.accounts.IAccountManagerResponse$Stub.onTransact(IAccountManagerResponse.java:59)
W/MessageQueue(  577): 	at android.os.Binder.execTransact(Binder.java:320)
W/MessageQueue(  577): 	at dalvik.system.NativeStart.run(Native Method)
W/dalvikvm(  940): Refusing to reopen boot DEX '/system/framework/com.htc.framework.jar'
D/Utilities(  385): createIconThumbnail # iconWidth: 72,iconHeight: 72,width: 72,height: 72
D/Database(  577): dbopen(): path = /data/data/com.google.android.gm/databases/downloads.db, flag = 6, file size = 5120
D/dalvikvm(  860): GC_CONCURRENT freed 0K, 39% free 6863K/11079K, external 0K/0K, paused 44ms+2ms
V/drmEngine(  940): android.intent.action.BOOT_COMPLETED
D/dalvikvm(  860): GC_FOR_MALLOC freed <1K, 39% free 6863K/11079K, external 0K/0K, paused 21ms
I/dalvikvm-heap(  860): Grow heap (frag case) to 10.104MB for 1070424-byte allocation
I/Database(  577): sqlite returned: error code = 0, msg = Recovered 8 frames from WAL file /data/data/com.google.android.gm/databases/downloads.db-wal
D/Database(  577): dbopen(): path = /data/data/com.google.android.gm/databases/downloads.db, mode: wal, disk free size: 1094 M, handle: 0x361820
D/DrmScannerReceiver(  619): android.intent.action.BOOT_COMPLETED
D/Database(  619): dbopen(): path = /data/data/com.android.providers.drm/databases/drm.db, flag = 6, file size = 14336
D/Database(  619): dbopen(): path = /data/data/com.android.providers.drm/databases/drm.db, mode: wal, disk free size: 1094 M, handle: 0x3d19c0
I/wpa_supplicant(  436): Reset vh_switch_to_mobile_counter due to receive LINKSPEED cmd
I/PackageManager(  243):  setEnabledSetting(), pkgName=com.android.vending, clsName=null, state=1, flag=0, pid=927, uid=10091
D/DrmIntentService(  619): SYNC_DEVICEID
D/DrmIntentService(  619): Skip syncDeviceId
D/DrmIntentService(  619): SYNC_CLOCK
I/DrmIntentService(  619): syncDrmClock: Update Stamp.
I/DrmProvider(  619): update(): old content id = null
D/dalvikvm(  860): GC_FOR_MALLOC freed 0K, 36% free 7908K/12167K, external 0K/0K, paused 55ms
I/ActivityManager(  243): Start proc com.htc.calendar for broadcast com.htc.calendar/.CalendarSettingReceiver: pid=954 uid=10012 gids={3003, 1006, 1015, 2001}
D/Socket_Alarm(  908): registerHTCSocketMonitorCallBack
D/ResourceType(  416): calling getConfigurations
D/ResourceType(  416): called getConfigurations size=270
D/DrmProvider(  619): update notifyChange. count = 1
D/DrmProvider(  619):  @@@@@ Backup DRM database. - Enter.
D/Database(  619): dbclose(): path = /data/data/com.android.providers.drm/databases/drm.db, handle = 0x3d19c0
D/DrmProvider(  619):  @@@@@ Backup DRM database. - Leave.
I/DrmIntentService(  619): syncDrmClock: Update Stamp Complete.
I/DrmIntentService(  619): syncDrmClock: Close cursor.
D/Socket_Alarm(  908): set mSocketMonitor
D/Socket_Alarm(  908): HTCSocketMonitorImpl::HTCSocketMonitorImpl
I/ActivityThread(  954): Pub com.htc.calendar: com.htc.calendar.PhotoPickerProvider
D/dalvikvm(  522): GC_CONCURRENT freed 199K, 47% free 3004K/5639K, external 0K/0K, paused 2ms+31ms
D/CalendarContext(  954): strIndex: 0
V/CalendarContext(  954): Start_Calendar_Index on 0
D/CalendarApplication(  954): onCreate
I//system/bin/fsck_msdos(  125): Next free cluster in FSInfo block (8) not free
I//system/bin/fsck_msdos(  125): FIXED
I//system/bin/fsck_msdos(  125): 1603 files, 240304 free (60076 clusters)
D/ResetNotifyService(  860): Receive a specify reset reason
I/ActivityManager(  243): Start proc com.htc.cspeoplesync for broadcast com.htc.cspeoplesync/.service.SyncServiceBroadCastReceiver: pid=962 uid=10105 gids={}
V/LocationManagerService(  243): requestLocationUpdates
I/ActivityThread(  962): Pub com.htc.cspeoplesync.providers.synctrackingprovider: com.htc.cspeoplesync.providers.SyncTrackingProvider
D/WifiService(  243): acquireWifiLockLocked: WifiLock{NetworkLocationLocator type=2 binder=android.os.BinderProxy@40b678d8} Mode: 2
D/WifiService(  243): enable and start wifi due to updateWifiState
D/Database(  962): dbopen(): path = /data/data/com.htc.cspeoplesync/databases/CSsynctracking.db, flag = 6, file size = 13312
I/Database(  962): sqlite returned: error code = 0, msg = Recovered 13 frames from WAL file /data/data/com.htc.cspeoplesync/databases/CSsynctracking.db-wal
D/Database(  962): dbopen(): path = /data/data/com.htc.cspeoplesync/databases/CSsynctracking.db, mode: wal, disk free size: 1094 M, handle: 0x32ff78
I/ActivityThread(  962): Pub com.htc.cspeoplesync.CSSyncAccountAdapter: com.htc.cspeoplesync.CSSyncAccountAdapter
D/AutoSetting(  462): receiver - intent: android.intent.action.SERVICE_STATE
D/AutoSetting(  462): receiver - flag: Service state 2
D/MyHTC   (  537): PoweronReceiver.onReceive(): intent=android.intent.action.SIM_STATE_CHANGED
D/MyHTC   (  537): PoweronReceiver onReceive(): ACTION_SIM_STATE_CHANGED ss = LOCKED
D/vending (  692): [12] 1.run(): Clearing cache in response to android.intent.action.SIM_STATE_CHANGED
D/AutoSetting(  462): service - onStartCommand() action: com.htc.app.autosetting.timezoneupdate
I/CheckinTask(  416): Sending checkin request (1497 bytes)
D/SmsReceiver(  773): Don't handle ACTION_SIM_STATE_CHANGED not ready action 
I/wpa_supplicant(  436): wpa_driver_wext_combo_scan: Start
D/ExchangePolicystatus(  773): onReceive()
D/ExchangePolicystatus(  773): onReceive(): ACTION_SIM_STATE_CHANGED
D/ExchangePolicystatus(  773): onReceive(): else
I/ActivityManager(  243): Start proc com.htc.messagecs for broadcast com.htc.messagecs/.MessageCSReceiver: pid=973 uid=10070 gids={1015, 3003}
I/ActivityThread(  973): Pub com.htc.messagecs.provider: com.htc.messagecs.provider.MessageCSProvider
D/Database(  973): dbopen(): path = /data/data/com.htc.messagecs/databases/messagecs.db, flag = 6, file size = 14336
I/Database(  973): sqlite returned: error code = 0, msg = Recovered 14 frames from WAL file /data/data/com.htc.messagecs/databases/messagecs.db-wal
D/Database(  973): dbopen(): path = /data/data/com.htc.messagecs/databases/messagecs.db, mode: wal, disk free size: 1095 M, handle: 0x32dae8
D/AutoSetting(  462): receiver - intent: android.intent.action.SIM_STATE_CHANGED
D/AutoSetting(  462): receiver - flag: SIM state LOCKED
D/AutoSetting(  462): service - onStartCommand() action: com.htc.app.autosetting.timezoneupdate
D/AutoSetting(  462): service - onStartCommand() SIM state: LOCKED
D/SIMStateChangeReceiver(  498): SIM state: LOCKED
I/ActivityManager(  243): Start proc com.android.browser for broadcast com.android.browser/.htc.util.HTCBrowserCustomizationChangeReceiver: pid=981 uid=10107 gids={3003, 1015, 2001}
I/Vold    (  125): Filesystem check completed OK
I/Vold    (  125): Device /dev/block/vold/179:65, target /mnt/sdcard mounted @ /mnt/secure/staging
D/Vold    (  125): Volume sdcard state changing 3 (Checking) -> 4 (Mounted)
